Component: ARM Compiler 5.06 update 3 (build 300) Tool: armlink [4d35c9]

==============================================================================

Section Cross References

    main.o(.text) refers to _printf_percent.o(.ARM.Collect$$_printf_percent$$00000000) for _printf_percent
    main.o(.text) refers to _printf_s.o(.ARM.Collect$$_printf_percent$$00000014) for _printf_s
    main.o(.text) refers to _printf_str.o(.text) for _printf_str
    main.o(.text) refers to _printf_d.o(.ARM.Collect$$_printf_percent$$00000009) for _printf_d
    main.o(.text) refers to _printf_dec.o(.text) for _printf_int_dec
    main.o(.text) refers to stm32f4xx_dma.o(.text) for DMA_Cmd
    main.o(.text) refers to lcd.o(.text) for LCD_Clear
    main.o(.text) refers to noretval__2sprintf.o(.text) for __2sprintf
    main.o(.text) refers to ov2640.o(.text) for OV2640_JPEG_Mode
    main.o(.text) refers to dcmi.o(.text) for My_DCMI_Init
    main.o(.text) refers to stm32f4xx_usart.o(.text) for USART_GetFlagStatus
    main.o(.text) refers to key.o(.text) for KEY_Scan
    main.o(.text) refers to delay.o(.text) for delay_ms
    main.o(.text) refers to main.o(.data) for ov2640_mode
    main.o(.text) refers to lcd.o(.data) for POINT_COLOR
    main.o(.text) refers to main.o(.bss) for jpeg_buf
    main.o(.text) refers to main.o(.constdata) for jpeg_img_size_tbl
    main.o(.text) refers to lcd.o(.bss) for lcddev
    main.o(.text) refers to misc.o(.text) for NVIC_PriorityGroupConfig
    main.o(.text) refers to usart.o(.text) for uart_init
    main.o(.text) refers to usart2.o(.text) for usart2_init
    main.o(.data) refers to main.o(.conststring) for .conststring
    system_stm32f4xx.o(.text) refers to system_stm32f4xx.o(.data) for SystemCoreClock
    led.o(.text) refers to stm32f4xx_rcc.o(.text) for RCC_AHB1PeriphClockCmd
    led.o(.text) refers to stm32f4xx_gpio.o(.text) for GPIO_Init
    lcd.o(.text) refers to _printf_percent.o(.ARM.Collect$$_printf_percent$$00000000) for _printf_percent
    lcd.o(.text) refers to _printf_x.o(.ARM.Collect$$_printf_percent$$0000000C) for _printf_x
    lcd.o(.text) refers to _printf_hex_int.o(.text) for _printf_longlong_hex
    lcd.o(.text) refers to delay.o(.text) for delay_us
    lcd.o(.text) refers to lcd.o(.bss) for lcddev
    lcd.o(.text) refers to lcd.o(.data) for POINT_COLOR
    lcd.o(.text) refers to dflt_clz.o(x$fpl$dfltu) for __aeabi_ui2d
    lcd.o(.text) refers to dmul.o(x$fpl$dmul) for __aeabi_dmul
    lcd.o(.text) refers to dfixu.o(x$fpl$dfixu) for __aeabi_d2uiz
    lcd.o(.text) refers to stm32f4xx_rcc.o(.text) for RCC_AHB1PeriphClockCmd
    lcd.o(.text) refers to stm32f4xx_gpio.o(.text) for GPIO_Init
    lcd.o(.text) refers to stm32f4xx_fsmc.o(.text) for FSMC_NORSRAMInit
    lcd.o(.text) refers to noretval__2printf.o(.text) for __2printf
    lcd.o(.text) refers to lcd.o(.constdata) for asc2_1206
    key.o(.text) refers to stm32f4xx_rcc.o(.text) for RCC_AHB1PeriphClockCmd
    key.o(.text) refers to stm32f4xx_gpio.o(.text) for GPIO_Init
    key.o(.text) refers to delay.o(.text) for delay_ms
    key.o(.text) refers to key.o(.data) for key_up
    dcmi.o(.text) refers to stm32f4xx_dcmi.o(.text) for DCMI_GetITStatus
    dcmi.o(.text) refers to main.o(.text) for jpeg_data_process
    dcmi.o(.text) refers to stm32f4xx_rcc.o(.text) for RCC_AHB1PeriphClockCmd
    dcmi.o(.text) refers to stm32f4xx_dma.o(.text) for DMA_DeInit
    dcmi.o(.text) refers to stm32f4xx_gpio.o(.text) for GPIO_Init
    dcmi.o(.text) refers to misc.o(.text) for NVIC_Init
    dcmi.o(.text) refers to lcd.o(.text) for LCD_SetCursor
    dcmi.o(.text) refers to ov2640.o(.text) for OV2640_OutSize_Set
    dcmi.o(.text) refers to dcmi.o(.data) for ov_frame
    dcmi.o(.text) refers to dcmi.o(.bss) for DCMI_InitStructure
    ov2640.o(.text) refers to _printf_percent.o(.ARM.Collect$$_printf_percent$$00000000) for _printf_percent
    ov2640.o(.text) refers to _printf_d.o(.ARM.Collect$$_printf_percent$$00000009) for _printf_d
    ov2640.o(.text) refers to _printf_dec.o(.text) for _printf_int_dec
    ov2640.o(.text) refers to stm32f4xx_rcc.o(.text) for RCC_AHB1PeriphClockCmd
    ov2640.o(.text) refers to stm32f4xx_gpio.o(.text) for GPIO_Init
    ov2640.o(.text) refers to delay.o(.text) for delay_ms
    ov2640.o(.text) refers to sccb.o(.text) for SCCB_Init
    ov2640.o(.text) refers to noretval__2printf.o(.text) for __2printf
    ov2640.o(.text) refers to ov2640.o(.constdata) for ov2640_sxga_init_reg_tbl
    sccb.o(.text) refers to stm32f4xx_rcc.o(.text) for RCC_AHB1PeriphClockCmd
    sccb.o(.text) refers to stm32f4xx_gpio.o(.text) for GPIO_Init
    sccb.o(.text) refers to delay.o(.text) for delay_us
    usart2.o(.text) refers to stm32f4xx_rcc.o(.text) for RCC_AHB1PeriphClockCmd
    usart2.o(.text) refers to stm32f4xx_gpio.o(.text) for GPIO_Init
    usart2.o(.text) refers to stm32f4xx_usart.o(.text) for USART_Init
    timer.o(.text) refers to _printf_percent.o(.ARM.Collect$$_printf_percent$$00000000) for _printf_percent
[...]
    .ARM.Collect$$libinit$$00000025          0x08000264   Section        0  libinit2.o(.ARM.Collect$$libinit$$00000025)
    .ARM.Collect$$libinit$$0000002C          0x08000264   Section        0  libinit2.o(.ARM.Collect$$libinit$$0000002C)
    .ARM.Collect$$libinit$$0000002E          0x08000264   Section        0  libinit2.o(.ARM.Collect$$libinit$$0000002E)
    .ARM.Collect$$libinit$$00000030          0x08000264   Section        0  libinit2.o(.ARM.Collect$$libinit$$00000030)
    .ARM.Collect$$libinit$$00000032          0x08000264   Section        0  libinit2.o(.ARM.Collect$$libinit$$00000032)
    .ARM.Collect$$libinit$$00000033          0x08000264   Section        2  libinit2.o(.ARM.Collect$$libinit$$00000033)
    .ARM.Collect$$libshutdown$$00000000      0x08000266   Section        2  libshutdown.o(.ARM.Collect$$libshutdown$$00000000)
    .ARM.Collect$$libshutdown$$00000002      0x08000268   Section        0  libshutdown2.o(.ARM.Collect$$libshutdown$$00000002)
    .ARM.Collect$$libshutdown$$00000004      0x08000268   Section        0  libshutdown2.o(.ARM.Collect$$libshutdown$$00000004)
    .ARM.Collect$$libshutdown$$00000007      0x08000268   Section        0  libshutdown2.o(.ARM.Collect$$libshutdown$$00000007)
    .ARM.Collect$$libshutdown$$0000000A      0x08000268   Section        0  libshutdown2.o(.ARM.Collect$$libshutdown$$0000000A)
    .ARM.Collect$$libshutdown$$0000000C      0x08000268   Section        0  libshutdown2.o(.ARM.Collect$$libshutdown$$0000000C)
    .ARM.Collect$$libshutdown$$0000000F      0x08000268   Section        0  libshutdown2.o(.ARM.Collect$$libshutdown$$0000000F)
    .ARM.Collect$$libshutdown$$00000010      0x08000268   Section        2  libshutdown2.o(.ARM.Collect$$libshutdown$$00000010)
    .ARM.Collect$$rtentry$$00000000          0x0800026a   Section        0  __rtentry.o(.ARM.Collect$$rtentry$$00000000)
    .ARM.Collect$$rtentry$$00000002          0x0800026a   Section        0  __rtentry2.o(.ARM.Collect$$rtentry$$00000002)
    .ARM.Collect$$rtentry$$00000004          0x0800026a   Section        6  __rtentry4.o(.ARM.Collect$$rtentry$$00000004)
    .ARM.Collect$$rtentry$$00000009          0x08000270   Section        0  __rtentry2.o(.ARM.Collect$$rtentry$$00000009)
    .ARM.Collect$$rtentry$$0000000A          0x08000270   Section        4  __rtentry2.o(.ARM.Collect$$rtentry$$0000000A)
    .ARM.Collect$$rtentry$$0000000C          0x08000274   Section        0  __rtentry2.o(.ARM.Collect$$rtentry$$0000000C)
    .ARM.Collect$$rtentry$$0000000D          0x08000274   Section        8  __rtentry2.o(.ARM.Collect$$rtentry$$0000000D)
    .ARM.Collect$$rtexit$$00000000           0x0800027c   Section        2  rtexit.o(.ARM.Collect$$rtexit$$00000000)
    .ARM.Collect$$rtexit$$00000002           0x0800027e   Section        0  rtexit2.o(.ARM.Collect$$rtexit$$00000002)
    .ARM.Collect$$rtexit$$00000003           0x0800027e   Section        4  rtexit2.o(.ARM.Collect$$rtexit$$00000003)
    .ARM.Collect$$rtexit$$00000004           0x08000282   Section        6  rtexit2.o(.ARM.Collect$$rtexit$$00000004)
    .text                                    0x08000288   Section        0  main.o(.text)
    .text                                    0x08000888   Section        0  stm32f4xx_it.o(.text)
    .text                                    0x080008a4   Section        0  system_stm32f4xx.o(.text)
    SetSysClock                              0x080008a5   Thumb Code   220  system_stm32f4xx.o(.text)
    .text                                    0x08000ab4   Section        0  lcd.o(.text)
    .text                                    0x08005734   Section        0  key.o(.text)
    .text                                    0x08005838   Section        0  dcmi.o(.text)
    .text                                    0x08005b48   Section        0  ov2640.o(.text)
    .text                                    0x08006128   Section        0  sccb.o(.text)
    .text                                    0x0800639c   Section        0  usart2.o(.text)
    .text                                    0x08006420   Section        0  timer.o(.text)
    .text                                    0x080064d8   Section        0  delay.o(.text)
    .text                                    0x080065dc   Section        0  usart.o(.text)
    .text                                    0x08006724   Section       64  startup_stm32f40_41xxx.o(.text)
    $v0                                      0x08006724   Number         0  startup_stm32f40_41xxx.o(.text)
    .text                                    0x08006764   Section        0  misc.o(.text)
    .text                                    0x08006844   Section        0  stm32f4xx_dcmi.o(.text)
    .text                                    0x080069d0   Section        0  stm32f4xx_gpio.o(.text)
    .text                                    0x08006c64   Section        0  stm32f4xx_fsmc.o(.text)
    .text                                    0x0800722c   Section        0  stm32f4xx_dma.o(.text)
    .text                                    0x080075d4   Section        0  stm32f4xx_rcc.o(.text)
    .text                                    0x08007c30   Section        0  stm32f4xx_usart.o(.text)
    .text                                    0x08008084   Section        0  stm32f4xx_tim.o(.text)
    TI4_Config                               0x08008823   Thumb Code    80  stm32f4xx_tim.o(.text)
    TI3_Config                               0x08008885   Thumb Code    72  stm32f4xx_tim.o(.text)
    TI2_Config                               0x080088e7   Thumb Code    90  stm32f4xx_tim.o(.text)
    TI1_Config                               0x08008953   Thumb Code    58  stm32f4xx_tim.o(.text)
    .text                                    0x08008d28   Section        0  usmart.o(.text)
    .text                                    0x0800995c   Section        0  usmart_str.o(.text)
    .text                                    0x08009e84   Section        2  use_no_semi_2.o(.text)
    .text                                    0x08009e88   Section        0  noretval__2printf.o(.text)
    .text                                    0x08009ea0   Section        0  noretval__2sprintf.o(.text)
    .text                                    0x08009ec8   Section        0  _printf_pad.o(.text)
    .text                                    0x08009f16   Section        0  _printf_str.o(.text)
    .text                                    0x08009f68   Section        0  _printf_dec.o(.text)
    .text                                    0x08009fe0   Section        0  _printf_hex_int.o(.text)
    .text                                    0x0800a038   Section        0  __printf_flags_ss_wp.o(.text)
    .text                                    0x0800a1c0   Section        0  heapauxi.o(.text)
    .text                                    0x0800a1c6   Section        2  use_no_semi.o(.text)
    .text                                    0x0800a1c8   Section        0  _printf_intcommon.o(.text)
    .text                                    0x0800a27c   Section        0  _printf_char_common.o(.text)
    _printf_input_char                       0x0800a27d   Thumb Code    10  _printf_char_common.o(.text)
    .text                                    0x0800a2ac   Section        0  _sputc.o(.text)
    .text                                    0x0800a2b6   Section        0  _printf_char.o(.text)
    .text                                    0x0800a2e4   Section        0  _printf_char_file.o(.text)
    .text                                    0x0800a308   Section        0  ferror.o(.text)
    .text                                    0x0800a310   Section       74  sys_stackheap_outer.o(.text)
    .text                                    0x0800a35a   Section        0  exit.o(.text)
    .text                                    0x0800a36c   Section        8  libspace.o(.text)
    i._is_digit                              0x0800a374   Section        0  __printf_wp.o(i._is_digit)
    x$fpl$dfixu                              0x0800a384   Section       90  dfixu.o(x$fpl$dfixu)
    $v0                                      0x0800a384   Number         0  dfixu.o(x$fpl$dfixu)
    x$fpl$dfltu                              0x0800a3de   Section       38  dflt_clz.o(x$fpl$dfltu)
    $v0                                      0x0800a3de   Number         0  dflt_clz.o(x$fpl$dfltu)
    x$fpl$dmul                               0x0800a404   Section      340  dmul.o(x$fpl$dmul)
    $v0                                      0x0800a404   Number         0  dmul.o(x$fpl$dmul)
    x$fpl$dnaninf                            0x0800a558   Section      156  dnaninf.o(x$fpl$dnaninf)
    $v0                                      0x0800a558   Number         0  dnaninf.o(x$fpl$dnaninf)
    x$fpl$dretinf                            0x0800a5f4   Section       12  dretinf.o(x$fpl$dretinf)
    $v0                                      0x0800a5f4   Number         0  dretinf.o(x$fpl$dretinf)
    x$fpl$fpinit                             0x0800a600   Section       10  fpinit.o(x$fpl$fpinit)
    $v0                                      0x0800a600   Number         0  fpinit.o(x$fpl$fpinit)
    .constdata                               0x0800a60a   Section       36  main.o(.constdata)
    x$fpl$usenofp                            0x0800a60a   Section        0  usenofp.o(x$fpl$usenofp)
    .constdata                               0x0800a62e   Section     6080  lcd.o(.constdata)
    .constdata                               0x0800bdee   Section      808  ov2640.o(.constdata)
    OV2640_AUTOEXPOSURE_LEVEL                0x0800c0ee   Data          40  ov2640.o(.constdata)
    .constdata                               0x0800c118   Section       28  stm32f4xx_fsmc.o(.constdata)
    .constdata                               0x0800c134   Section       40  _printf_hex_int.o(.constdata)
    uc_hextab                                0x0800c134   Data          20  _printf_hex_int.o(.constdata)
    lc_hextab                                0x0800c148   Data          20  _printf_hex_int.o(.constdata)
    .constdata                               0x0800c15c   Section       17  __printf_flags_ss_wp.o(.constdata)
    maptable                                 0x0800c15c   Data          17  __printf_flags_ss_wp.o(.constdata)
    .conststring                             0x0800c170   Section      119  main.o(.conststring)
    .conststring                             0x0800c1e8   Section       40  usmart.o(.conststring)
    .conststring                             0x0800c210   Section      785  usmart_config.o(.conststring)
    .data                                    0x20000000   Section       76  main.o(.data)
    .data                                    0x2000004c   Section       20  system_stm32f4xx.o(.data)
    .data                                    0x20000060   Section        4  lcd.o(.data)
    .data                                    0x20000064   Section        1  key.o(.data)
    key_up                                   0x20000064   Data           1  key.o(.data)
    .data                                    0x20000065   Section        1  dcmi.o(.data)
    .data                                    0x20000066   Section        4  delay.o(.data)
    fac_us                                   0x20000066   Data           1  delay.o(.data)
    fac_ms                                   0x20000068   Data           2  delay.o(.data)
    .data                                    0x2000006c   Section        6  usart.o(.data)
    .data                                    0x20000072   Section       16  stm32f4xx_rcc.o(.data)
    APBAHBPrescTable                         0x20000072   Data          16  stm32f4xx_rcc.o(.data)
    .data                                    0x20000084   Section       28  usmart.o(.data)
    .data                                    0x200000a0   Section      412  usmart_config.o(.data)
    .bss                                     0x2000023c   Section    126976  main.o(.bss)
    .bss                                     0x2001f23c   Section       14  lcd.o(.bss)
    .bss                                     0x2001f24a   Section       14  dcmi.o(.bss)
    .bss                                     0x2001f258   Section      200  usart.o(.bss)
    .bss                                     0x2001f320   Section       96  libspace.o(.bss)
    HEAP                                     0x2001f380   Section      512  startup_stm32f40_41xxx.o(HEAP)
    Heap_Mem                                 0x2001f380   Data         512  startup_stm32f40_41xxx.o(HEAP)
    STACK                                    0x2001f580   Section     1024  startup_stm32f40_41xxx.o(STACK)
    Stack_Mem                                0x2001f580   Data        1024  startup_stm32f40_41xxx.o(STACK)
    __initial_sp                             0x2001f980   Data           0  startup_stm32f40_41xxx.o(STACK)

    Global Symbols

    Symbol Name                              Value     Ov Type        Size  Object(Section)

    BuildAttributes$$THM_ISAv4$E$P$D$K$B$S$7EM$VFPi3$EXTD16$VFPS$VFMA$PE$A:L22UL41UL21$X:L11$S22US41US21$IEEE1$IW$USESV6$~STKCKD$USESV7$~SHL$OSPACE$ROPI$EBA8$UX$STANDARDLIB$REQ8$PRES8$EABIv2 0x00000000   Number         0  anon$$obj.o ABSOLUTE
    __ARM_use_no_argv                        0x00000000   Number         0  main.o ABSOLUTE
    _printf_flags                            0x00000000   Number         0  printf_stubs.o ABSOLUTE
    _printf_return_value                     0x00000000   Number         0  printf_stubs.o ABSOLUTE
    _printf_sizespec                         0x00000000   Number         0  printf_stubs.o ABSOLUTE
    _printf_widthprec                        0x00000000   Number         0  printf_stubs.o ABSOLUTE
    __ARM_exceptions_init                     - Undefined Weak Reference
    __alloca_initialize                       - Undefined Weak Reference
    __arm_preinit_                            - Undefined Weak Reference
    __cpp_initialize__aeabi_                  - Undefined Weak Reference
    __cxa_finalize                            - Undefined Weak Reference
    __rt_locale                               - Undefined Weak Reference
    __sigvec_lookup                           - Undefined Weak Reference
    _atexit_init                              - Undefined Weak Reference
    _call_atexit_fns                          - Undefined Weak Reference
    _clock_init                               - Undefined Weak Reference
    _fp_trap_init                             - Undefined Weak Reference
    _fp_trap_shutdown                         - Undefined Weak Reference
    _get_lc_collate                           - Undefined Weak Reference
    _get_lc_ctype                             - Undefined Weak Reference
    _get_lc_monetary                          - Undefined Weak Reference
    _get_lc_numeric                           - Undefined Weak Reference
    _get_lc_time                              - Undefined Weak Reference
    _getenv_init                              - Undefined Weak Reference
    _handle_redirection                       - Undefined Weak Reference
    _init_alloc                               - Undefined Weak Reference
    _init_user_alloc                          - Undefined Weak Reference
    _initio                                   - Undefined Weak Reference
    _mutex_acquire                            - Undefined Weak Reference
    _mutex_release                            - Undefined Weak Reference
    _printf_mbtowc                            - Undefined Weak Reference
    _printf_truncate_signed                   - Undefined Weak Reference
    _printf_truncate_unsigned                 - Undefined Weak Reference
    _rand_init                                - Undefined Weak Reference
    _signal_finish                            - Undefined Weak Reference
    _signal_init                              - Undefined Weak Reference
    _terminate_alloc                          - Undefined Weak Reference
    _terminate_user_alloc                     - Undefined Weak Reference
    _terminateio                              - Undefined Weak Reference
    __Vectors_Size                           0x00000188   Number         0  startup_stm32f40_41xxx.o ABSOLUTE
    __Vectors                                0x08000000   Data           4  startup_stm32f40_41xxx.o(RESET)
    __Vectors_End                            0x08000188   Data           0  startup_stm32f40_41xxx.o(RESET)
    __main                                   0x08000189   Thumb Code     8  __main.o(!!!main)
    __scatterload                            0x08000191   Thumb Code     0  __scatter.o(!!!scatter)
    __scatterload_rt2                        0x08000191   Thumb Code    44  __scatter.o(!!!scatter)
    __scatterload_rt2_thumb_only             0x08000191   Thumb Code     0  __scatter.o(!!!scatter)
    __scatterload_null                       0x0800019f   Thumb Code     0  __scatter.o(!!!scatter)
    __decompress                             0x080001c5   Thumb Code    90  __dczerorl2.o(!!dczerorl2)
    __decompress1                            0x080001c5   Thumb Code     0  __dczerorl2.o(!!dczerorl2)
    __scatterload_zeroinit                   0x08000221   Thumb Code    28  __scatter_zi.o(!!handler_zi)
    _printf_d                                0x0800023d   Thumb Code     0  _printf_d.o(.ARM.Collect$$_printf_percent$$00000009)
    _printf_percent                          0x0800023d   Thumb Code     0  _printf_percent.o(.ARM.Collect$$_printf_percent$$00000000)
    _printf_u                                0x08000243   Thumb Code     0  _printf_u.o(.ARM.Collect$$_printf_percent$$0000000A)
    _printf_x                                0x08000249   Thumb Code     0  _printf_x.o(.ARM.Collect$$_printf_percent$$0000000C)
    _printf_c                                0x0800024f   Thumb Code     0  _printf_c.o(.ARM.Collect$$_printf_percent$$00000013)
    _printf_s                                0x08000255   Thumb Code     0  _printf_s.o(.ARM.Collect$$_printf_percent$$00000014)
    _printf_percent_end                      0x0800025b   Thumb Code     0  _printf_percent_end.o(.ARM.Collect$$_printf_percent$$00000017)
    __rt_lib_init                            0x0800025f   Thumb Code     0  libinit.o(.ARM.Collect$$libinit$$00000000)
    __rt_lib_init_fp_1                       0x08000261   Thumb Code     0  libinit2.o(.ARM.Collect$$libinit$$00000001)
    __rt_lib_init_alloca_1                   0x08000265   Thumb Code     0  libinit2.o(.ARM.Collect$$libinit$$0000002E)
    __rt_lib_init_argv_1                     0x08000265   Thumb Code     0  libinit2.o(.ARM.Collect$$libinit$$0000002C)
    __rt_lib_init_atexit_1                   0x08000265   Thumb Code     0  libinit2.o(.ARM.Collect$$libinit$$0000001B)
    __rt_lib_init_clock_1                    0x08000265   Thumb Code     0  libinit2.o(.ARM.Collect$$libinit$$00000021)
    __rt_lib_init_cpp_1                      0x08000265   Thumb Code     0  libinit2.o(.ARM.Collect$$libinit$$00000032)
    __rt_lib_init_exceptions_1               0x08000265   Thumb Code     0  libinit2.o(.ARM.Collect$$libinit$$00000030)
    __rt_lib_init_fp_trap_1                  0x08000265   Thumb Code     0  libinit2.o(.ARM.Collect$$libinit$$0000001F)
    __rt_lib_init_getenv_1                   0x08000265   Thumb Code     0  libinit2.o(.ARM.Collect$$libinit$$00000023)
    __rt_lib_init_heap_1                     0x08000265   Thumb Code     0  libinit2.o(.ARM.Collect$$libinit$$0000000A)
    __rt_lib_init_lc_collate_1               0x08000265   Thumb Code     0  libinit2.o(.ARM.Collect$$libinit$$00000011)
    __rt_lib_init_lc_ctype_1                 0x08000265   Thumb Code     0  libinit2.o(.ARM.Collect$$libinit$$00000013)
    __rt_lib_init_lc_monetary_1              0x08000265   Thumb Code     0  libinit2.o(.ARM.Collect$$libinit$$00000015)
    __rt_lib_init_lc_numeric_1               0x08000265   Thumb Code     0  libinit2.o(.ARM.Collect$$libinit$$00000017)
    __rt_lib_init_lc_time_1                  0x08000265   Thumb Code     0  libinit2.o(.ARM.Collect$$libinit$$00000019)
    __rt_lib_init_preinit_1                  0x08000265   Thumb Code     0  libinit2.o(.ARM.Collect$$libinit$$00000004)
    __rt_lib_init_rand_1                     0x08000265   Thumb Code     0  libinit2.o(.ARM.Collect$$libinit$$0000000E)
    __rt_lib_init_return                     0x08000265   Thumb Code     0  libinit2.o(.ARM.Collect$$libinit$$00000033)
    __rt_lib_init_signal_1                   0x08000265   Thumb Code     0  libinit2.o(.ARM.Collect$$libinit$$0000001D)
    __rt_lib_init_stdio_1                    0x08000265   Thumb Code     0  libinit2.o(.ARM.Collect$$libinit$$00000025)
    __rt_lib_init_user_alloc_1               0x08000265   Thumb Code     0  libinit2.o(.ARM.Collect$$libinit$$0000000C)
    __rt_lib_shutdown                        0x08000267   Thumb Code     0  libshutdown.o(.ARM.Collect$$libshutdown$$00000000)
    __rt_lib_shutdown_cpp_1                  0x08000269   Thumb Code     0  libshutdown2.o(.ARM.Collect$$libshutdown$$00000002)
    __rt_lib_shutdown_fp_trap_1              0x08000269   Thumb Code     0  libshutdown2.o(.ARM.Collect$$libshutdown$$00000007)
    __rt_lib_shutdown_heap_1                 0x08000269   Thumb Code     0  libshutdown2.o(.ARM.Collect$$libshutdown$$0000000F)
    __rt_lib_shutdown_return                 0x08000269   Thumb Code     0  libshutdown2.o(.ARM.Collect$$libshutdown$$00000010)
    __rt_lib_shutdown_signal_1               0x08000269   Thumb Code     0  libshutdown2.o(.ARM.Collect$$libshutdown$$0000000A)
    __rt_lib_shutdown_stdio_1                0x08000269   Thumb Code     0  libshutdown2.o(.ARM.Collect$$libshutdown$$00000004)
    __rt_lib_shutdown_user_alloc_1           0x08000269   Thumb Code     0  libshutdown2.o(.ARM.Collect$$libshutdown$$0000000C)
    __rt_entry                               0x0800026b   Thumb Code     0  __rtentry.o(.ARM.Collect$$rtentry$$00000000)
    __rt_entry_presh_1                       0x0800026b   Thumb Code     0  __rtentry2.o(.ARM.Collect$$rtentry$$00000002)
    __rt_entry_sh                            0x0800026b   Thumb Code     0  __rtentry4.o(.ARM.Collect$$rtentry$$00000004)
    __rt_entry_li                            0x08000271   Thumb Code     0  __rtentry2.o(.ARM.Collect$$rtentry$$0000000A)
    __rt_entry_postsh_1                      0x08000271   Thumb Code     0  __rtentry2.o(.ARM.Collect$$rtentry$$00000009)
    __rt_entry_main                          0x08000275   Thumb Code     0  __rtentry2.o(.ARM.Collect$$rtentry$$0000000D)
    __rt_entry_postli_1                      0x08000275   Thumb Code     0  __rtentry2.o(.ARM.Collect$$rtentry$$0000000C)
    __rt_exit                                0x0800027d   Thumb Code     0  rtexit.o(.ARM.Collect$$rtexit$$00000000)
    __rt_exit_ls                             0x0800027f   Thumb Code     0  rtexit2.o(.ARM.Collect$$rtexit$$00000003)
    __rt_exit_prels_1                        0x0800027f   Thumb Code     0  rtexit2.o(.ARM.Collect$$rtexit$$00000002)
    __rt_exit_exit                           0x08000283   Thumb Code     0  rtexit2.o(.ARM.Collect$$rtexit$$00000004)
    jpeg_data_process                        0x08000289   Thumb Code    96  main.o(.text)
    jpeg_test                                0x080002e9   Thumb Code   586  main.o(.text)
    rgb565_test                              0x08000533   Thumb Code   798  main.o(.text)
    main                                     0x08000851   Thumb Code    36  main.o(.text)
    NMI_Handler                              0x08000889   Thumb Code     2  stm32f4xx_it.o(.text)
    HardFault_Handler                        0x0800088b   Thumb Code     4  stm32f4xx_it.o(.text)
    MemManage_Handler                        0x0800088f   Thumb Code     4  stm32f4xx_it.o(.text)
    BusFault_Handler                         0x08000893   Thumb Code     4  stm32f4xx_it.o(.text)
    UsageFault_Handler                       0x08000897   Thumb Code     4  stm32f4xx_it.o(.text)
    SVC_Handler                              0x0800089b   Thumb Code     2  stm32f4xx_it.o(.text)
    DebugMon_Handler                         0x0800089d   Thumb Code     2  stm32f4xx_it.o(.text)
    PendSV_Handler                           0x0800089f   Thumb Code     2  stm32f4xx_it.o(.text)
    SysTick_Handler                          0x080008a1   Thumb Code     2  stm32f4xx_it.o(.text)
    SystemInit                               0x08000981   Thumb Code    88  system_stm32f4xx.o(.text)
    SystemCoreClockUpdate                    0x080009d9   Thumb Code   174  system_stm32f4xx.o(.text)
    LCD_WR_REG                               0x08000ab5   Thumb Code    18  lcd.o(.text)
    LCD_WR_DATA                              0x08000ac7   Thumb Code    20  lcd.o(.text)
    LCD_RD_DATA                              0x08000adb   Thumb Code    16  lcd.o(.text)
    LCD_WriteReg                             0x08000aeb   Thumb Code    14  lcd.o(.text)
    LCD_ReadReg                              0x08000af9   Thumb Code    22  lcd.o(.text)
    LCD_WriteRAM_Prepare                     0x08000b0f   Thumb Code    10  lcd.o(.text)
    LCD_WriteRAM                             0x08000b19   Thumb Code     8  lcd.o(.text)
    LCD_BGR2RGB                              0x08000b21   Thumb Code    26  lcd.o(.text)
    opt_delay                                0x08000b3b   Thumb Code    14  lcd.o(.text)
    LCD_SetCursor                            0x08000b49   Thumb Code   418  lcd.o(.text)
    LCD_ReadPoint                            0x08000ceb   Thumb Code   360  lcd.o(.text)
    LCD_DisplayOn                            0x08000e53   Thumb Code   102  lcd.o(.text)
    LCD_DisplayOff                           0x08000eb9   Thumb Code    90  lcd.o(.text)
    LCD_Scan_Dir                             0x08000f13   Thumb Code   744  lcd.o(.text)
    LCD_DrawPoint                            0x080011fb   Thumb Code    28  lcd.o(.text)
    LCD_Fast_DrawPoint                       0x08001217   Thumb Code   388  lcd.o(.text)
    LCD_SSD_BackLightSet                     0x0800139b   Thumb Code    88  lcd.o(.text)
    LCD_Display_Dir                          0x080013f3   Thumb Code   444  lcd.o(.text)
    LCD_Set_Window                           0x080015af   Thumb Code   546  lcd.o(.text)
    LCD_Clear                                0x080017d1   Thumb Code   100  lcd.o(.text)
    LCD_Init                                 0x08001835   Thumb Code 14696  lcd.o(.text)
    LCD_Fill                                 0x0800519d   Thumb Code   180  lcd.o(.text)
    LCD_Color_Fill                           0x08005251   Thumb Code   100  lcd.o(.text)
    LCD_DrawLine                             0x080052b5   Thumb Code   176  lcd.o(.text)
    LCD_DrawRectangle                        0x08005365   Thumb Code    60  lcd.o(.text)
    LCD_Draw_Circle                          0x080053a1   Thumb Code   152  lcd.o(.text)
    LCD_ShowChar                             0x08005439   Thumb Code   272  lcd.o(.text)
    LCD_Pow                                  0x08005549   Thumb Code    22  lcd.o(.text)
    LCD_ShowNum                              0x0800555f   Thumb Code   148  lcd.o(.text)
    LCD_ShowxNum                             0x080055f3   Thumb Code   220  lcd.o(.text)
    LCD_ShowString                           0x080056cf   Thumb Code   102  lcd.o(.text)
    KEY_Init                                 0x08005735   Thumb Code    60  key.o(.text)
    KEY_Scan                                 0x08005771   Thumb Code   188  key.o(.text)
    DCMI_IRQHandler                          0x08005839   Thumb Code    50  dcmi.o(.text)
    DCMI_DMA_Init                            0x0800586b   Thumb Code   102  dcmi.o(.text)
    My_DCMI_Init                             0x080058d1   Thumb Code   386  dcmi.o(.text)
    DCMI_Start                               0x08005a53   Thumb Code    30  dcmi.o(.text)
    DCMI_Stop                                0x08005a71   Thumb Code    34  dcmi.o(.text)
    DCMI_Set_Window                          0x08005a93   Thumb Code    74  dcmi.o(.text)
    DCMI_CR_Set                              0x08005add   Thumb Code    58  dcmi.o(.text)
    OV2640_Init                              0x08005b49   Thumb Code   228  ov2640.o(.text)
    OV2640_JPEG_Mode                         0x08005c2d   Thumb Code    66  ov2640.o(.text)
    OV2640_RGB565_Mode                       0x08005c6f   Thumb Code    36  ov2640.o(.text)
    OV2640_Auto_Exposure                     0x08005c93   Thumb Code    40  ov2640.o(.text)
    OV2640_Light_Mode                        0x08005cbb   Thumb Code   118  ov2640.o(.text)
    OV2640_Color_Saturation                  0x08005d31   Thumb Code    64  ov2640.o(.text)
    OV2640_Brightness                        0x08005d71   Thumb Code    56  ov2640.o(.text)
    OV2640_Contrast                          0x08005da9   Thumb Code   116  ov2640.o(.text)
    OV2640_Special_Effects                   0x08005e1d   Thumb Code   122  ov2640.o(.text)
    OV2640_Color_Bar                         0x08005e97   Thumb Code    40  ov2640.o(.text)
    OV2640_Window_Set                        0x08005ebf   Thumb Code   214  ov2640.o(.text)
    OV2640_OutSize_Set                       0x08005f95   Thumb Code   136  ov2640.o(.text)
    OV2640_ImageWin_Set                      0x0800601d   Thumb Code   188  ov2640.o(.text)
    OV2640_ImageSize_Set                     0x080060d9   Thumb Code    80  ov2640.o(.text)
    SCCB_Init                                0x08006129   Thumb Code    78  sccb.o(.text)
    SCCB_Start                               0x08006177   Thumb Code    42  sccb.o(.text)
    SCCB_Stop                                0x080061a1   Thumb Code    42  sccb.o(.text)
    SCCB_No_Ack                              0x080061cb   Thumb Code    56  sccb.o(.text)
    SCCB_WR_Byte                             0x08006203   Thumb Code   154  sccb.o(.text)
    SCCB_RD_Byte                             0x0800629d   Thumb Code   104  sccb.o(.text)
    SCCB_WR_Reg                              0x08006305   Thumb Code    62  sccb.o(.text)
    SCCB_RD_Reg                              0x08006343   Thumb Code    78  sccb.o(.text)
    usart2_init                              0x0800639d   Thumb Code   124  usart2.o(.text)
    TIM3_Int_Init                            0x08006421   Thumb Code    88  timer.o(.text)
    TIM3_IRQHandler                          0x08006479   Thumb Code    50  timer.o(.text)
    delay_init                               0x080064d9   Thumb Code    52  delay.o(.text)
    delay_us                                 0x0800650d   Thumb Code    72  delay.o(.text)
    delay_xms                                0x08006555   Thumb Code    72  delay.o(.text)
    delay_ms                                 0x0800659d   Thumb Code    56  delay.o(.text)
    _sys_exit                                0x080065dd   Thumb Code     4  usart.o(.text)
    fputc                                    0x080065e1   Thumb Code    22  usart.o(.text)
    uart_init                                0x080065f7   Thumb Code   164  usart.o(.text)
    USART1_IRQHandler                        0x0800669b   Thumb Code   122  usart.o(.text)
    Reset_Handler                            0x08006725   Thumb Code     8  startup_stm32f40_41xxx.o(.text)
    ADC_IRQHandler                           0x0800673f   Thumb Code     0  startup_stm32f40_41xxx.o(.text)
    CAN1_RX0_IRQHandler                      0x0800673f   Thumb Code     0  startup_stm32f40_41xxx.o(.text)
    CAN1_RX1_IRQHandler                      0x0800673f   Thumb Code     0  startup_stm32f40_41xxx.o(.text)
    CAN1_SCE_IRQHandler                      0x0800673f   Thumb Code     0  startup_stm32f40_41xxx.o(.text)
    CAN1_TX_IRQHandler                       0x0800673f   Thumb Code     0  startup_stm32f40_41xxx.o(.text)
    CAN2_RX0_IRQHandler                      0x0800673f   Thumb Code     0  startup_stm32f40_41xxx.o(.text)
    CAN2_RX1_IRQHandler                      0x0800673f   Thumb Code     0  startup_stm32f40_41xxx.o(.text)
    CAN2_SCE_IRQHandler                      0x0800673f   Thumb Code     0  startup_stm32f40_41xxx.o(.text)
    CAN2_TX_IRQHandler                       0x0800673f   Thumb Code     0  startup_stm32f40_41xxx.o(.text)
    CRYP_IRQHandler                          0x0800673f   Thumb Code     0  startup_stm32f40_41xxx.o(.text)
    DMA1_Stream0_IRQHandler                  0x0800673f   Thumb Code     0  startup_stm32f40_41xxx.o(.text)
    DMA1_Stream1_IRQHandler                  0x0800673f   Thumb Code     0  startup_stm32f40_41xxx.o(.text)
    DMA1_Stream2_IRQHandler                  0x0800673f   Thumb Code     0  startup_stm32f40_41xxx.o(.text)
    DMA1_Stream3_IRQHandler                  0x0800673f   Thumb Code     0  startup_stm32f40_41xxx.o(.text)
    DMA1_Stream4_IRQHandler                  0x0800673f   Thumb Code     0  startup_stm32f40_41xxx.o(.text)
    DMA1_Stream5_IRQHandler                  0x0800673f   Thumb Code     0  startup_stm32f40_41xxx.o(.text)
    DMA1_Stream6_IRQHandler                  0x0800673f   Thumb Code     0  startup_stm32f40_41xxx.o(.text)
    DMA1_Stream7_IRQHandler                  0x0800673f   Thumb Code     0  startup_stm32f40_41xxx.o(.text)
    DMA2_Stream0_IRQHandler                  0x0800673f   Thumb Code     0  startup_stm32f40_41xxx.o(.text)
    DMA2_Stream1_IRQHandler                  0x0800673f   Thumb Code     0  startup_stm32f40_41xxx.o(.text)
    DMA2_Stream2_IRQHandler                  0x0800673f   Thumb Code     0  startup_stm32f40_41xxx.o(.text)
    DMA2_Stream3_IRQHandler                  0x0800673f   Thumb Code     0  startup_stm32f40_41xxx.o(.text)
    DMA2_Stream4_IRQHandler                  0x0800673f   Thumb Code     0  startup_stm32f40_41xxx.o(.text)
    DMA2_Stream5_IRQHandler                  0x0800673f   Thumb Code     0  startup_stm32f40_41xxx.o(.text)
    DMA2_Stream6_IRQHandler                  0x0800673f   Thumb Code     0  startup_stm32f40_41xxx.o(.text)
    DMA2_Stream7_IRQHandler                  0x0800673f   Thumb Code     0  startup_stm32f40_41xxx.o(.text)
    ETH_IRQHandler                           0x0800673f   Thumb Code     0  startup_stm32f40_41xxx.o(.text)
    ETH_WKUP_IRQHandler                      0x0800673f   Thumb Code     0  startup_stm32f40_41xxx.o(.text)
    EXTI0_IRQHandler                         0x0800673f   Thumb Code     0  startup_stm32f40_41xxx.o(.text)
    EXTI15_10_IRQHandler                     0x0800673f   Thumb Code     0  startup_stm32f40_41xxx.o(.text)
    EXTI1_IRQHandler                         0x0800673f   Thumb Code     0  startup_stm32f40_41xxx.o(.text)
    EXTI2_IRQHandler                         0x0800673f   Thumb Code     0  startup_stm32f40_41xxx.o(.text)
    EXTI3_IRQHandler                         0x0800673f   Thumb Code     0  startup_stm32f40_41xxx.o(.text)
    EXTI4_IRQHandler                         0x0800673f   Thumb Code     0  startup_stm32f40_41xxx.o(.text)
    EXTI9_5_IRQHandler                       0x0800673f   Thumb Code     0  startup_stm32f40_41xxx.o(.text)
    FLASH_IRQHandler                         0x0800673f   Thumb Code     0  startup_stm32f40_41xxx.o(.text)
    FPU_IRQHandler                           0x0800673f   Thumb Code     0  startup_stm32f40_41xxx.o(.text)
    FSMC_IRQHandler                          0x0800673f   Thumb Code     0  startup_stm32f40_41xxx.o(.text)
    HASH_RNG_IRQHandler                      0x0800673f   Thumb Code     0  startup_stm32f40_41xxx.o(.text)
    I2C1_ER_IRQHandler                       0x0800673f   Thumb Code     0  startup_stm32f40_41xxx.o(.text)
    I2C1_EV_IRQHandler                       0x0800673f   Thumb Code     0  startup_stm32f40_41xxx.o(.text)
    I2C2_ER_IRQHandler                       0x0800673f   Thumb Code     0  startup_stm32f40_41xxx.o(.text)
    I2C2_EV_IRQHandler                       0x0800673f   Thumb Code     0  startup_stm32f40_41xxx.o(.text)
    I2C3_ER_IRQHandler                       0x0800673f   Thumb Code     0  startup_stm32f40_41xxx.o(.text)
    I2C3_EV_IRQHandler                       0x0800673f   Thumb Code     0  startup_stm32f40_41xxx.o(.text)
    OTG_FS_IRQHandler                        0x0800673f   Thumb Code     0  startup_stm32f40_41xxx.o(.text)
    OTG_FS_WKUP_IRQHandler                   0x0800673f   Thumb Code     0  startup_stm32f40_41xxx.o(.text)
    OTG_HS_EP1_IN_IRQHandler                 0x0800673f   Thumb Code     0  startup_stm32f40_41xxx.o(.text)
    OTG_HS_EP1_OUT_IRQHandler                0x0800673f   Thumb Code     0  startup_stm32f40_41xxx.o(.text)
    OTG_HS_IRQHandler                        0x0800673f   Thumb Code     0  startup_stm32f40_41xxx.o(.text)
    OTG_HS_WKUP_IRQHandler                   0x0800673f   Thumb Code     0  startup_stm32f40_41xxx.o(.text)
    PVD_IRQHandler                           0x0800673f   Thumb Code     0  startup_stm32f40_41xxx.o(.text)
    RCC_IRQHandler                           0x0800673f   Thumb Code     0  startup_stm32f40_41xxx.o(.text)
    RTC_Alarm_IRQHandler                     0x0800673f   Thumb Code     0  startup_stm32f40_41xxx.o(.text)
    RTC_WKUP_IRQHandler                      0x0800673f   Thumb Code     0  startup_stm32f40_41xxx.o(.text)
    SDIO_IRQHandler                          0x0800673f   Thumb Code     0  startup_stm32f40_41xxx.o(.text)
    SPI1_IRQHandler                          0x0800673f   Thumb Code     0  startup_stm32f40_41xxx.o(.text)
    SPI2_IRQHandler                          0x0800673f   Thumb Code     0  startup_stm32f40_41xxx.o(.text)
    SPI3_IRQHandler                          0x0800673f   Thumb Code     0  startup_stm32f40_41xxx.o(.text)
    TAMP_STAMP_IRQHandler                    0x0800673f   Thumb Code     0  startup_stm32f40_41xxx.o(.text)
    TIM1_BRK_TIM9_IRQHandler                 0x0800673f   Thumb Code     0  startup_stm32f40_41xxx.o(.text)
    TIM1_CC_IRQHandler                       0x0800673f   Thumb Code     0  startup_stm32f40_41xxx.o(.text)
    TIM1_TRG_COM_TIM11_IRQHandler            0x0800673f   Thumb Code     0  startup_stm32f40_41xxx.o(.text)
    TIM1_UP_TIM10_IRQHandler                 0x0800673f   Thumb Code     0  startup_stm32f40_41xxx.o(.text)
    TIM2_IRQHandler                          0x0800673f   Thumb Code     0  startup_stm32f40_41xxx.o(.text)
    TIM5_IRQHandler                          0x0800673f   Thumb Code     0  startup_stm32f40_41xxx.o(.text)
    TIM6_DAC_IRQHandler                      0x0800673f   Thumb Code     0  startup_stm32f40_41xxx.o(.text)
    TIM7_IRQHandler                          0x0800673f   Thumb Code     0  startup_stm32f40_41xxx.o(.text)
    TIM8_BRK_TIM12_IRQHandler                0x0800673f   Thumb Code     0  startup_stm32f40_41xxx.o(.text)
    TIM8_CC_IRQHandler                       0x0800673f   Thumb Code     0  startup_stm32f40_41xxx.o(.text)
    TIM8_TRG_COM_TIM14_IRQHandler            0x0800673f   Thumb Code     0  startup_stm32f40_41xxx.o(.text)
    TIM8_UP_TIM13_IRQHandler                 0x0800673f   Thumb Code     0  startup_stm32f40_41xxx.o(.text)
    UART4_IRQHandler                         0x0800673f   Thumb Code     0  startup_stm32f40_41xxx.o(.text)
    UART5_IRQHandler                         0x0800673f   Thumb Code     0  startup_stm32f40_41xxx.o(.text)
    USART2_IRQHandler                        0x0800673f   Thumb Code     0  startup_stm32f40_41xxx.o(.text)
    USART3_IRQHandler                        0x0800673f   Thumb Code     0  startup_stm32f40_41xxx.o(.text)
    USART6_IRQHandler                        0x0800673f   Thumb Code     0  startup_stm32f40_41xxx.o(.text)
    WWDG_IRQHandler                          0x0800673f   Thumb Code     0  startup_stm32f40_41xxx.o(.text)
    __user_initial_stackheap                 0x08006741   Thumb Code     0  startup_stm32f40_41xxx.o(.text)
    NVIC_PriorityGroupConfig                 0x08006765   Thumb Code    10  misc.o(.text)
    NVIC_Init                                0x0800676f   Thumb Code   106  misc.o(.text)
    NVIC_SetVectorTable                      0x080067d9   Thumb Code    14  misc.o(.text)
    NVIC_SystemLPConfig                      0x080067e7   Thumb Code    34  misc.o(.text)
    SysTick_CLKSourceConfig                  0x08006809   Thumb Code    40  misc.o(.text)
    DCMI_DeInit                              0x08006845   Thumb Code    24  stm32f4xx_dcmi.o(.text)
    DCMI_Init                                0x0800685d   Thumb Code    60  stm32f4xx_dcmi.o(.text)
    DCMI_StructInit                          0x08006899   Thumb Code    18  stm32f4xx_dcmi.o(.text)
    DCMI_CROPConfig                          0x080068ab   Thumb Code    26  stm32f4xx_dcmi.o(.text)
    DCMI_CROPCmd                             0x080068c5   Thumb Code    30  stm32f4xx_dcmi.o(.text)
    DCMI_SetEmbeddedSynchroCodes             0x080068e3   Thumb Code    26  stm32f4xx_dcmi.o(.text)
    DCMI_JPEGCmd                             0x080068fd   Thumb Code    30  stm32f4xx_dcmi.o(.text)
    DCMI_Cmd                                 0x0800691b   Thumb Code    30  stm32f4xx_dcmi.o(.text)
    DCMI_CaptureCmd                          0x08006939   Thumb Code    30  stm32f4xx_dcmi.o(.text)
    DCMI_ReadData                            0x08006957   Thumb Code     6  stm32f4xx_dcmi.o(.text)
    DCMI_ITConfig                            0x0800695d   Thumb Code    30  stm32f4xx_dcmi.o(.text)
    DCMI_GetFlagStatus                       0x0800697b   Thumb Code    46  stm32f4xx_dcmi.o(.text)
    DCMI_ClearFlag                           0x080069a9   Thumb Code     6  stm32f4xx_dcmi.o(.text)
    DCMI_GetITStatus                         0x080069af   Thumb Code    24  stm32f4xx_dcmi.o(.text)
    DCMI_ClearITPendingBit                   0x080069c7   Thumb Code     6  stm32f4xx_dcmi.o(.text)
    GPIO_DeInit                              0x080069d1   Thumb Code   268  stm32f4xx_gpio.o(.text)
    GPIO_Init                                0x08006add   Thumb Code   144  stm32f4xx_gpio.o(.text)
    GPIO_StructInit                          0x08006b6d   Thumb Code    18  stm32f4xx_gpio.o(.text)
    GPIO_PinLockConfig                       0x08006b7f   Thumb Code    34  stm32f4xx_gpio.o(.text)
    GPIO_ReadInputDataBit                    0x08006ba1   Thumb Code    18  stm32f4xx_gpio.o(.text)
    GPIO_ReadInputData                       0x08006bb3   Thumb Code     8  stm32f4xx_gpio.o(.text)
    GPIO_ReadOutputDataBit                   0x08006bbb   Thumb Code    18  stm32f4xx_gpio.o(.text)
    GPIO_ReadOutputData                      0x08006bcd   Thumb Code     8  stm32f4xx_gpio.o(.text)
    GPIO_SetBits                             0x08006bd5   Thumb Code     4  stm32f4xx_gpio.o(.text)
    GPIO_ResetBits                           0x08006bd9   Thumb Code     4  stm32f4xx_gpio.o(.text)
    GPIO_WriteBit                            0x08006bdd   Thumb Code    10  stm32f4xx_gpio.o(.text)
    GPIO_Write                               0x08006be7   Thumb Code     4  stm32f4xx_gpio.o(.text)
    GPIO_ToggleBits                          0x08006beb   Thumb Code     8  stm32f4xx_gpio.o(.text)
    GPIO_PinAFConfig                         0x08006bf3   Thumb Code    70  stm32f4xx_gpio.o(.text)
    FSMC_NORSRAMDeInit                       0x08006c65   Thumb Code    54  stm32f4xx_fsmc.o(.text)
    FSMC_NORSRAMInit                         0x08006c9b   Thumb Code   230  stm32f4xx_fsmc.o(.text)
    FSMC_NORSRAMStructInit                   0x08006d81   Thumb Code    48  stm32f4xx_fsmc.o(.text)
    FSMC_NORSRAMCmd                          0x08006db1   Thumb Code    46  stm32f4xx_fsmc.o(.text)
    FSMC_NANDDeInit                          0x08006ddf   Thumb Code    62  stm32f4xx_fsmc.o(.text)
    FSMC_NANDInit                            0x08006e1d   Thumb Code   132  stm32f4xx_fsmc.o(.text)
    FSMC_NANDStructInit                      0x08006ea1   Thumb Code    54  stm32f4xx_fsmc.o(.text)
    FSMC_NANDCmd                             0x08006ed7   Thumb Code    86  stm32f4xx_fsmc.o(.text)
    FSMC_NANDECCCmd                          0x08006f2d   Thumb Code    86  stm32f4xx_fsmc.o(.text)
    FSMC_GetECC                              0x08006f83   Thumb Code    24  stm32f4xx_fsmc.o(.text)
    FSMC_PCCARDDeInit                        0x08006f9b   Thumb Code    36  stm32f4xx_fsmc.o(.text)
    FSMC_PCCARDInit                          0x08006fbf   Thumb Code   130  stm32f4xx_fsmc.o(.text)
    FSMC_PCCARDStructInit                    0x08007041   Thumb Code    60  stm32f4xx_fsmc.o(.text)
    FSMC_PCCARDCmd                           0x0800707d   Thumb Code    44  stm32f4xx_fsmc.o(.text)
    FSMC_ITConfig                            0x080070a9   Thumb Code   128  stm32f4xx_fsmc.o(.text)
    FSMC_GetFlagStatus                       0x08007129   Thumb Code    54  stm32f4xx_fsmc.o(.text)
    FSMC_ClearFlag                           0x0800715f   Thumb Code    74  stm32f4xx_fsmc.o(.text)
    FSMC_GetITStatus                         0x080071a9   Thumb Code    62  stm32f4xx_fsmc.o(.text)
    FSMC_ClearITPendingBit                   0x080071e7   Thumb Code    66  stm32f4xx_fsmc.o(.text)
    DMA_DeInit                               0x0800722d   Thumb Code   324  stm32f4xx_dma.o(.text)
    DMA_Init                                 0x08007371   Thumb Code    82  stm32f4xx_dma.o(.text)
    DMA_StructInit                           0x080073c3   Thumb Code    34  stm32f4xx_dma.o(.text)
    DMA_Cmd                                  0x080073e5   Thumb Code    22  stm32f4xx_dma.o(.text)
    DMA_PeriphIncOffsetSizeConfig            0x080073fb   Thumb Code    22  stm32f4xx_dma.o(.text)
    DMA_FlowControllerConfig                 0x08007411   Thumb Code    22  stm32f4xx_dma.o(.text)
    DMA_SetCurrDataCounter                   0x08007427   Thumb Code     4  stm32f4xx_dma.o(.text)
    DMA_GetCurrDataCounter                   0x0800742b   Thumb Code     8  stm32f4xx_dma.o(.text)
    DMA_DoubleBufferModeConfig               0x08007433   Thumb Code    24  stm32f4xx_dma.o(.text)
    DMA_DoubleBufferModeCmd                  0x0800744b   Thumb Code    22  stm32f4xx_dma.o(.text)
    DMA_MemoryTargetConfig                   0x08007461   Thumb Code    10  stm32f4xx_dma.o(.text)
    DMA_GetCurrentMemoryTarget               0x0800746b   Thumb Code    20  stm32f4xx_dma.o(.text)
    DMA_GetCmdStatus                         0x0800747f   Thumb Code    20  stm32f4xx_dma.o(.text)
    DMA_GetFIFOStatus                        0x08007493   Thumb Code    12  stm32f4xx_dma.o(.text)
    DMA_GetFlagStatus                        0x0800749f   Thumb Code    56  stm32f4xx_dma.o(.text)
    DMA_ClearFlag                            0x080074d7   Thumb Code    40  stm32f4xx_dma.o(.text)
    DMA_ITConfig                             0x080074ff   Thumb Code    58  stm32f4xx_dma.o(.text)
    DMA_GetITStatus                          0x08007539   Thumb Code    84  stm32f4xx_dma.o(.text)
    DMA_ClearITPendingBit                    0x0800758d   Thumb Code    40  stm32f4xx_dma.o(.text)
    RCC_DeInit                               0x080075d5   Thumb Code    82  stm32f4xx_rcc.o(.text)
    RCC_HSEConfig                            0x08007627   Thumb Code    14  stm32f4xx_rcc.o(.text)
    RCC_GetFlagStatus                        0x08007635   Thumb Code    60  stm32f4xx_rcc.o(.text)
    RCC_WaitForHSEStartUp                    0x08007671   Thumb Code    56  stm32f4xx_rcc.o(.text)
    RCC_AdjustHSICalibrationValue            0x080076a9   Thumb Code    20  stm32f4xx_rcc.o(.text)
    RCC_HSICmd                               0x080076bd   Thumb Code     6  stm32f4xx_rcc.o(.text)
    RCC_LSEConfig                            0x080076c3   Thumb Code    46  stm32f4xx_rcc.o(.text)
    RCC_LSICmd                               0x080076f1   Thumb Code     6  stm32f4xx_rcc.o(.text)
    RCC_PLLConfig                            0x080076f7   Thumb Code    32  stm32f4xx_rcc.o(.text)
    RCC_PLLCmd                               0x08007717   Thumb Code     6  stm32f4xx_rcc.o(.text)
    RCC_PLLI2SConfig                         0x0800771d   Thumb Code    14  stm32f4xx_rcc.o(.text)
    RCC_PLLI2SCmd                            0x0800772b   Thumb Code     6  stm32f4xx_rcc.o(.text)
    RCC_PLLSAIConfig                         0x08007731   Thumb Code    20  stm32f4xx_rcc.o(.text)
    RCC_PLLSAICmd                            0x08007745   Thumb Code     6  stm32f4xx_rcc.o(.text)
    RCC_ClockSecuritySystemCmd               0x0800774b   Thumb Code     6  stm32f4xx_rcc.o(.text)
    RCC_MCO1Config                           0x08007751   Thumb Code    28  stm32f4xx_rcc.o(.text)
    RCC_MCO2Config                           0x0800776d   Thumb Code    28  stm32f4xx_rcc.o(.text)
    RCC_SYSCLKConfig                         0x08007789   Thumb Code    20  stm32f4xx_rcc.o(.text)
    RCC_GetSYSCLKSource                      0x0800779d   Thumb Code    12  stm32f4xx_rcc.o(.text)
    RCC_HCLKConfig                           0x080077a9   Thumb Code    20  stm32f4xx_rcc.o(.text)
    RCC_PCLK1Config                          0x080077bd   Thumb Code    20  stm32f4xx_rcc.o(.text)
    RCC_PCLK2Config                          0x080077d1   Thumb Code    22  stm32f4xx_rcc.o(.text)
    RCC_GetClocksFreq                        0x080077e7   Thumb Code   222  stm32f4xx_rcc.o(.text)
    RCC_RTCCLKConfig                         0x080078c5   Thumb Code    54  stm32f4xx_rcc.o(.text)
    RCC_RTCCLKCmd                            0x080078fb   Thumb Code     8  stm32f4xx_rcc.o(.text)
    RCC_BackupResetCmd                       0x08007903   Thumb Code     8  stm32f4xx_rcc.o(.text)
    RCC_I2SCLKConfig                         0x0800790b   Thumb Code     6  stm32f4xx_rcc.o(.text)
    RCC_SAIPLLI2SClkDivConfig                0x08007911   Thumb Code    26  stm32f4xx_rcc.o(.text)
    RCC_SAIPLLSAIClkDivConfig                0x0800792b   Thumb Code    28  stm32f4xx_rcc.o(.text)
    RCC_SAIBlockACLKConfig                   0x08007947   Thumb Code    20  stm32f4xx_rcc.o(.text)
    RCC_SAIBlockBCLKConfig                   0x0800795b   Thumb Code    20  stm32f4xx_rcc.o(.text)
    RCC_LTDCCLKDivConfig                     0x0800796f   Thumb Code    20  stm32f4xx_rcc.o(.text)
    RCC_TIMCLKPresConfig                     0x08007983   Thumb Code     6  stm32f4xx_rcc.o(.text)
    RCC_AHB1PeriphClockCmd                   0x08007989   Thumb Code    34  stm32f4xx_rcc.o(.text)
    RCC_AHB2PeriphClockCmd                   0x080079ab   Thumb Code    78  stm32f4xx_rcc.o(.text)
    RCC_AHB3PeriphClockCmd                   0x080079f9   Thumb Code    34  stm32f4xx_rcc.o(.text)
    RCC_APB1PeriphClockCmd                   0x08007a1b   Thumb Code    34  stm32f4xx_rcc.o(.text)
    RCC_APB2PeriphClockCmd                   0x08007a3d   Thumb Code    34  stm32f4xx_rcc.o(.text)
    RCC_AHB1PeriphResetCmd                   0x08007a5f   Thumb Code    34  stm32f4xx_rcc.o(.text)
    RCC_AHB2PeriphResetCmd                   0x08007a81   Thumb Code    34  stm32f4xx_rcc.o(.text)
    RCC_AHB3PeriphResetCmd                   0x08007aa3   Thumb Code    34  stm32f4xx_rcc.o(.text)
    RCC_APB1PeriphResetCmd                   0x08007ac5   Thumb Code    34  stm32f4xx_rcc.o(.text)
    RCC_APB2PeriphResetCmd                   0x08007ae7   Thumb Code    34  stm32f4xx_rcc.o(.text)
    RCC_AHB1PeriphClockLPModeCmd             0x08007b09   Thumb Code    34  stm32f4xx_rcc.o(.text)
    RCC_AHB2PeriphClockLPModeCmd             0x08007b2b   Thumb Code    34  stm32f4xx_rcc.o(.text)
    RCC_AHB3PeriphClockLPModeCmd             0x08007b4d   Thumb Code    34  stm32f4xx_rcc.o(.text)
    RCC_APB1PeriphClockLPModeCmd             0x08007b6f   Thumb Code    34  stm32f4xx_rcc.o(.text)
    RCC_APB2PeriphClockLPModeCmd             0x08007b91   Thumb Code    34  stm32f4xx_rcc.o(.text)
    RCC_LSEModeConfig                        0x08007bb3   Thumb Code    40  stm32f4xx_rcc.o(.text)
    RCC_ITConfig                             0x08007bdb   Thumb Code    34  stm32f4xx_rcc.o(.text)
    RCC_ClearFlag                            0x08007bfd   Thumb Code    18  stm32f4xx_rcc.o(.text)
    RCC_GetITStatus                          0x08007c0f   Thumb Code    22  stm32f4xx_rcc.o(.text)
    RCC_ClearITPendingBit                    0x08007c25   Thumb Code     8  stm32f4xx_rcc.o(.text)
    USART_DeInit                             0x08007c31   Thumb Code   206  stm32f4xx_usart.o(.text)
    USART_Init                               0x08007cff   Thumb Code   204  stm32f4xx_usart.o(.text)
    USART_StructInit                         0x08007dcb   Thumb Code    24  stm32f4xx_usart.o(.text)
    USART_ClockInit                          0x08007de3   Thumb Code    32  stm32f4xx_usart.o(.text)
    USART_ClockStructInit                    0x08007e03   Thumb Code    12  stm32f4xx_usart.o(.text)
    USART_Cmd                                0x08007e0f   Thumb Code    24  stm32f4xx_usart.o(.text)
    USART_SetPrescaler                       0x08007e27   Thumb Code    16  stm32f4xx_usart.o(.text)
    USART_OverSampling8Cmd                   0x08007e37   Thumb Code    22  stm32f4xx_usart.o(.text)
    USART_OneBitMethodCmd                    0x08007e4d   Thumb Code    24  stm32f4xx_usart.o(.text)
    USART_SendData                           0x08007e65   Thumb Code     8  stm32f4xx_usart.o(.text)
    USART_ReceiveData                        0x08007e6d   Thumb Code    10  stm32f4xx_usart.o(.text)
    USART_SetAddress                         0x08007e77   Thumb Code    18  stm32f4xx_usart.o(.text)
    USART_ReceiverWakeUpCmd                  0x08007e89   Thumb Code    24  stm32f4xx_usart.o(.text)
    USART_WakeUpConfig                       0x08007ea1   Thumb Code    18  stm32f4xx_usart.o(.text)
    USART_LINBreakDetectLengthConfig         0x08007eb3   Thumb Code    18  stm32f4xx_usart.o(.text)
    USART_LINCmd                             0x08007ec5   Thumb Code    24  stm32f4xx_usart.o(.text)
    USART_SendBreak                          0x08007edd   Thumb Code    10  stm32f4xx_usart.o(.text)
    USART_HalfDuplexCmd                      0x08007ee7   Thumb Code    24  stm32f4xx_usart.o(.text)
    USART_SetGuardTime                       0x08007eff   Thumb Code    16  stm32f4xx_usart.o(.text)
    USART_SmartCardCmd                       0x08007f0f   Thumb Code    24  stm32f4xx_usart.o(.text)
    USART_SmartCardNACKCmd                   0x08007f27   Thumb Code    24  stm32f4xx_usart.o(.text)
    USART_IrDAConfig                         0x08007f3f   Thumb Code    18  stm32f4xx_usart.o(.text)
    USART_IrDACmd                            0x08007f51   Thumb Code    24  stm32f4xx_usart.o(.text)
    USART_DMACmd                             0x08007f69   Thumb Code    18  stm32f4xx_usart.o(.text)
    USART_ITConfig                           0x08007f7b   Thumb Code    74  stm32f4xx_usart.o(.text)
    USART_GetFlagStatus                      0x08007fc5   Thumb Code    26  stm32f4xx_usart.o(.text)
    USART_ClearFlag                          0x08007fdf   Thumb Code    18  stm32f4xx_usart.o(.text)
    USART_GetITStatus                        0x08007ff1   Thumb Code   118  stm32f4xx_usart.o(.text)
    USART_ClearITPendingBit                  0x08008067   Thumb Code    30  stm32f4xx_usart.o(.text)
    TIM_DeInit                               0x08008085   Thumb Code   346  stm32f4xx_tim.o(.text)
    TIM_TimeBaseInit                         0x080081df   Thumb Code   104  stm32f4xx_tim.o(.text)
    TIM_TimeBaseStructInit                   0x08008247   Thumb Code    18  stm32f4xx_tim.o(.text)
    TIM_PrescalerConfig                      0x08008259   Thumb Code     6  stm32f4xx_tim.o(.text)
    TIM_CounterModeConfig                    0x0800825f   Thumb Code    18  stm32f4xx_tim.o(.text)
    TIM_SetCounter                           0x08008271   Thumb Code     4  stm32f4xx_tim.o(.text)
    TIM_SetAutoreload                        0x08008275   Thumb Code     4  stm32f4xx_tim.o(.text)
    TIM_GetCounter                           0x08008279   Thumb Code     6  stm32f4xx_tim.o(.text)
    TIM_GetPrescaler                         0x0800827f   Thumb Code     6  stm32f4xx_tim.o(.text)
    TIM_UpdateDisableConfig                  0x08008285   Thumb Code    24  stm32f4xx_tim.o(.text)
    TIM_UpdateRequestConfig                  0x0800829d   Thumb Code    24  stm32f4xx_tim.o(.text)
    TIM_ARRPreloadConfig                     0x080082b5   Thumb Code    24  stm32f4xx_tim.o(.text)
    TIM_SelectOnePulseMode                   0x080082cd   Thumb Code    18  stm32f4xx_tim.o(.text)
    TIM_SetClockDivision                     0x080082df   Thumb Code    18  stm32f4xx_tim.o(.text)
    TIM_Cmd                                  0x080082f1   Thumb Code    24  stm32f4xx_tim.o(.text)
    TIM_OC1Init                              0x08008309   Thumb Code   114  stm32f4xx_tim.o(.text)
    TIM_OC2Init                              0x0800837b   Thumb Code   154  stm32f4xx_tim.o(.text)
    TIM_OC3Init                              0x08008415   Thumb Code   204  stm32f4xx_tim.o(.text)
    TIM_OC4Init                              0x080084e1   Thumb Code   112  stm32f4xx_tim.o(.text)
    TIM_OCStructInit                         0x08008551   Thumb Code    20  stm32f4xx_tim.o(.text)
    TIM_SelectOCxM                           0x08008565   Thumb Code    86  stm32f4xx_tim.o(.text)
    TIM_SetCompare1                          0x080085bb   Thumb Code     4  stm32f4xx_tim.o(.text)
    TIM_SetCompare2                          0x080085bf   Thumb Code     4  stm32f4xx_tim.o(.text)
    TIM_SetCompare3                          0x080085c3   Thumb Code     4  stm32f4xx_tim.o(.text)
    TIM_SetCompare4                          0x080085c7   Thumb Code     4  stm32f4xx_tim.o(.text)
    TIM_ForcedOC1Config                      0x080085cb   Thumb Code    18  stm32f4xx_tim.o(.text)
    TIM_ForcedOC2Config                      0x080085dd   Thumb Code    26  stm32f4xx_tim.o(.text)
    TIM_ForcedOC3Config                      0x080085f7   Thumb Code    18  stm32f4xx_tim.o(.text)
    TIM_ForcedOC4Config                      0x08008609   Thumb Code    26  stm32f4xx_tim.o(.text)
    TIM_OC1PreloadConfig                     0x08008623   Thumb Code    18  stm32f4xx_tim.o(.text)
    TIM_OC2PreloadConfig                     0x08008635   Thumb Code    26  stm32f4xx_tim.o(.text)
    TIM_OC3PreloadConfig                     0x0800864f   Thumb Code    18  stm32f4xx_tim.o(.text)
    TIM_OC4PreloadConfig                     0x08008661   Thumb Code    26  stm32f4xx_tim.o(.text)
    TIM_OC1FastConfig                        0x0800867b   Thumb Code    18  stm32f4xx_tim.o(.text)
    TIM_OC2FastConfig                        0x0800868d   Thumb Code    26  stm32f4xx_tim.o(.text)
    TIM_OC3FastConfig                        0x080086a7   Thumb Code    18  stm32f4xx_tim.o(.text)
    TIM_OC4FastConfig                        0x080086b9   Thumb Code    26  stm32f4xx_tim.o(.text)
    TIM_ClearOC1Ref                          0x080086d3   Thumb Code    18  stm32f4xx_tim.o(.text)
    TIM_ClearOC2Ref                          0x080086e5   Thumb Code    24  stm32f4xx_tim.o(.text)
    TIM_ClearOC3Ref                          0x080086fd   Thumb Code    18  stm32f4xx_tim.o(.text)
    TIM_ClearOC4Ref                          0x0800870f   Thumb Code    24  stm32f4xx_tim.o(.text)
    TIM_OC1PolarityConfig                    0x08008727   Thumb Code    18  stm32f4xx_tim.o(.text)
    TIM_OC1NPolarityConfig                   0x08008739   Thumb Code    18  stm32f4xx_tim.o(.text)
    TIM_OC2PolarityConfig                    0x0800874b   Thumb Code    26  stm32f4xx_tim.o(.text)
    TIM_OC2NPolarityConfig                   0x08008765   Thumb Code    26  stm32f4xx_tim.o(.text)
    TIM_OC3PolarityConfig                    0x0800877f   Thumb Code    26  stm32f4xx_tim.o(.text)
    TIM_OC3NPolarityConfig                   0x08008799   Thumb Code    26  stm32f4xx_tim.o(.text)
    TIM_OC4PolarityConfig                    0x080087b3   Thumb Code    26  stm32f4xx_tim.o(.text)
    TIM_CCxCmd                               0x080087cd   Thumb Code    30  stm32f4xx_tim.o(.text)
    TIM_CCxNCmd                              0x080087eb   Thumb Code    30  stm32f4xx_tim.o(.text)
    TIM_SetIC4Prescaler                      0x08008809   Thumb Code    26  stm32f4xx_tim.o(.text)
    TIM_SetIC3Prescaler                      0x08008873   Thumb Code    18  stm32f4xx_tim.o(.text)
    TIM_SetIC2Prescaler                      0x080088cd   Thumb Code    26  stm32f4xx_tim.o(.text)
    TIM_SetIC1Prescaler                      0x08008941   Thumb Code    18  stm32f4xx_tim.o(.text)
    TIM_ICInit                               0x0800898d   Thumb Code   110  stm32f4xx_tim.o(.text)
    TIM_ICStructInit                         0x080089fb   Thumb Code    18  stm32f4xx_tim.o(.text)
    TIM_PWMIConfig                           0x08008a0d   Thumb Code   124  stm32f4xx_tim.o(.text)
    TIM_GetCapture1                          0x08008a89   Thumb Code     6  stm32f4xx_tim.o(.text)
    TIM_GetCapture2                          0x08008a8f   Thumb Code     6  stm32f4xx_tim.o(.text)
    TIM_GetCapture3                          0x08008a95   Thumb Code     6  stm32f4xx_tim.o(.text)
    TIM_GetCapture4                          0x08008a9b   Thumb Code     6  stm32f4xx_tim.o(.text)
    TIM_BDTRConfig                           0x08008aa1   Thumb Code    32  stm32f4xx_tim.o(.text)
    TIM_BDTRStructInit                       0x08008ac1   Thumb Code    18  stm32f4xx_tim.o(.text)
    TIM_CtrlPWMOutputs                       0x08008ad3   Thumb Code    30  stm32f4xx_tim.o(.text)
    TIM_SelectCOM                            0x08008af1   Thumb Code    24  stm32f4xx_tim.o(.text)
    TIM_CCPreloadControl                     0x08008b09   Thumb Code    24  stm32f4xx_tim.o(.text)
    TIM_ITConfig                             0x08008b21   Thumb Code    18  stm32f4xx_tim.o(.text)
    TIM_GenerateEvent                        0x08008b33   Thumb Code     4  stm32f4xx_tim.o(.text)
    TIM_GetFlagStatus                        0x08008b37   Thumb Code    18  stm32f4xx_tim.o(.text)
    TIM_ClearFlag                            0x08008b49   Thumb Code     6  stm32f4xx_tim.o(.text)
    TIM_GetITStatus                          0x08008b4f   Thumb Code    34  stm32f4xx_tim.o(.text)
    TIM_ClearITPendingBit                    0x08008b71   Thumb Code     6  stm32f4xx_tim.o(.text)
    TIM_DMAConfig                            0x08008b77   Thumb Code    10  stm32f4xx_tim.o(.text)
    TIM_DMACmd                               0x08008b81   Thumb Code    18  stm32f4xx_tim.o(.text)
    TIM_SelectCCDMA                          0x08008b93   Thumb Code    24  stm32f4xx_tim.o(.text)
    TIM_InternalClockConfig                  0x08008bab   Thumb Code    12  stm32f4xx_tim.o(.text)
    TIM_SelectInputTrigger                   0x08008bb7   Thumb Code    18  stm32f4xx_tim.o(.text)
    TIM_ITRxExternalClockConfig              0x08008bc9   Thumb Code    24  stm32f4xx_tim.o(.text)
    TIM_TIxExternalClockConfig               0x08008be1   Thumb Code    62  stm32f4xx_tim.o(.text)
    TIM_ETRConfig                            0x08008c1f   Thumb Code    28  stm32f4xx_tim.o(.text)
    TIM_ETRClockMode1Config                  0x08008c3b   Thumb Code    54  stm32f4xx_tim.o(.text)
    TIM_ETRClockMode2Config                  0x08008c71   Thumb Code    32  stm32f4xx_tim.o(.text)
    TIM_SelectOutputTrigger                  0x08008c91   Thumb Code    18  stm32f4xx_tim.o(.text)
    TIM_SelectSlaveMode                      0x08008ca3   Thumb Code    18  stm32f4xx_tim.o(.text)
    TIM_SelectMasterSlaveMode                0x08008cb5   Thumb Code    18  stm32f4xx_tim.o(.text)
    TIM_EncoderInterfaceConfig               0x08008cc7   Thumb Code    66  stm32f4xx_tim.o(.text)
    TIM_SelectHallSensor                     0x08008d09   Thumb Code    24  stm32f4xx_tim.o(.text)
    TIM_RemapConfig                          0x08008d21   Thumb Code     6  stm32f4xx_tim.o(.text)
    usmart_sys_cmd_exe                       0x08008d29   Thumb Code  1554  usmart.o(.text)
    usmart_reset_runtime                     0x0800933b   Thumb Code    38  usmart.o(.text)
    usmart_get_runtime                       0x08009361   Thumb Code    60  usmart.o(.text)
    TIM4_IRQHandler                          0x0800939d   Thumb Code    46  usmart.o(.text)
    Timer4_Init                              0x080093cb   Thumb Code    86  usmart.o(.text)
    usmart_init                              0x08009421   Thumb Code    36  usmart.o(.text)
    usmart_cmd_rec                           0x08009445   Thumb Code   170  usmart.o(.text)
    usmart_exe                               0x080094ef   Thumb Code   868  usmart.o(.text)
    usmart_scan                              0x08009853   Thumb Code   120  usmart.o(.text)
    read_addr                                0x080098cb   Thumb Code     6  usmart.o(.text)
    write_addr                               0x080098d1   Thumb Code     4  usmart.o(.text)
    usmart_strcmp                            0x0800995d   Thumb Code    34  usmart_str.o(.text)
    usmart_strcopy                           0x0800997f   Thumb Code    22  usmart_str.o(.text)
    usmart_strlen                            0x08009995   Thumb Code    24  usmart_str.o(.text)
    usmart_pow                               0x080099ad   Thumb Code    22  usmart_str.o(.text)
    usmart_str2num                           0x080099c3   Thumb Code   202  usmart_str.o(.text)
    usmart_get_cmdname                       0x08009a8d   Thumb Code    54  usmart_str.o(.text)
    usmart_search_nextc                      0x08009ac3   Thumb Code    22  usmart_str.o(.text)
    usmart_get_fname                         0x08009ad9   Thumb Code   440  usmart_str.o(.text)
    usmart_get_aparm                         0x08009c91   Thumb Code   200  usmart_str.o(.text)
    usmart_get_parmpos                       0x08009d59   Thumb Code    26  usmart_str.o(.text)
    usmart_get_fparam                        0x08009d73   Thumb Code   262  usmart_str.o(.text)
    __use_no_semihosting                     0x08009e85   Thumb Code     2  use_no_semi_2.o(.text)
    __2printf                                0x08009e89   Thumb Code    20  noretval__2printf.o(.text)
    __2sprintf                               0x08009ea1   Thumb Code    34  noretval__2sprintf.o(.text)
    _printf_pre_padding                      0x08009ec9   Thumb Code    44  _printf_pad.o(.text)
    _printf_post_padding                     0x08009ef5   Thumb Code    34  _printf_pad.o(.text)
    _printf_str                              0x08009f17   Thumb Code    82  _printf_str.o(.text)
    _printf_int_dec                          0x08009f69   Thumb Code   104  _printf_dec.o(.text)
    _printf_int_hex                          0x08009fe1   Thumb Code    84  _printf_hex_int.o(.text)
    _printf_longlong_hex                     0x08009fe1   Thumb Code     0  _printf_hex_int.o(.text)
    __printf                                 0x0800a039   Thumb Code   388  __printf_flags_ss_wp.o(.text)
    __use_two_region_memory                  0x0800a1c1   Thumb Code     2  heapauxi.o(.text)
    __rt_heap_escrow$2region                 0x0800a1c3   Thumb Code     2  heapauxi.o(.text)
    __rt_heap_expand$2region                 0x0800a1c5   Thumb Code     2  heapauxi.o(.text)
    __I$use$semihosting                      0x0800a1c7   Thumb Code     0  use_no_semi.o(.text)
    __use_no_semihosting_swi                 0x0800a1c7   Thumb Code     2  use_no_semi.o(.text)
    _printf_int_common                       0x0800a1c9   Thumb Code   178  _printf_intcommon.o(.text)
    _printf_char_common                      0x0800a287   Thumb Code    32  _printf_char_common.o(.text)
    _sputc                                   0x0800a2ad   Thumb Code    10  _sputc.o(.text)
    _printf_cs_common                        0x0800a2b7   Thumb Code    20  _printf_char.o(.text)
    _printf_char                             0x0800a2cb   Thumb Code    16  _printf_char.o(.text)
    _printf_string                           0x0800a2db   Thumb Code     8  _printf_char.o(.text)
    _printf_char_file                        0x0800a2e5   Thumb Code    32  _printf_char_file.o(.text)
    ferror                                   0x0800a309   Thumb Code     8  ferror.o(.text)
    __user_setup_stackheap                   0x0800a311   Thumb Code    74  sys_stackheap_outer.o(.text)
    exit                                     0x0800a35b   Thumb Code    18  exit.o(.text)
    __user_libspace                          0x0800a36d   Thumb Code     8  libspace.o(.text)
    __user_perproc_libspace                  0x0800a36d   Thumb Code     0  libspace.o(.text)
    __user_perthread_libspace                0x0800a36d   Thumb Code     0  libspace.o(.text)
    _is_digit                                0x0800a375   Thumb Code    14  __printf_wp.o(i._is_digit)
    __aeabi_d2uiz                            0x0800a385   Thumb Code     0  dfixu.o(x$fpl$dfixu)
    _dfixu                                   0x0800a385   Thumb Code    90  dfixu.o(x$fpl$dfixu)
    __aeabi_ui2d                             0x0800a3df   Thumb Code     0  dflt_clz.o(x$fpl$dfltu)
    _dfltu                                   0x0800a3df   Thumb Code    38  dflt_clz.o(x$fpl$dfltu)
    __aeabi_dmul                             0x0800a405   Thumb Code     0  dmul.o(x$fpl$dmul)
    _dmul                                    0x0800a405   Thumb Code   332  dmul.o(x$fpl$dmul)
    __fpl_dnaninf                            0x0800a559   Thumb Code   156  dnaninf.o(x$fpl$dnaninf)
    __fpl_dretinf                            0x0800a5f5   Thumb Code    12  dretinf.o(x$fpl$dretinf)
    _fp_init                                 0x0800a601   Thumb Code    10  fpinit.o(x$fpl$fpinit)
    __fplib_config_fpu_vfp                   0x0800a609   Thumb Code     0  fpinit.o(x$fpl$fpinit)
    __fplib_config_pureend_doubles           0x0800a609   Thumb Code     0  fpinit.o(x$fpl$fpinit)
    __I$use$fp                               0x0800a60a   Number         0  usenofp.o(x$fpl$usenofp)
    jpeg_img_size_tbl                        0x0800a60a   Data          36  main.o(.constdata)
    asc2_1206                                0x0800a62e   Data        1140  lcd.o(.constdata)
    asc2_1608                                0x0800aaa2   Data        1520  lcd.o(.constdata)
    asc2_2412                                0x0800b092   Data        3420  lcd.o(.constdata)
    ov2640_sxga_init_reg_tbl                 0x0800bdee   Data         356  ov2640.o(.constdata)
    ov2640_svga_init_reg_tbl                 0x0800bf52   Data         354  ov2640.o(.constdata)
    ov2640_jpeg_reg_tbl                      0x0800c0b4   Data          14  ov2640.o(.constdata)
    ov2640_rgb565_reg_tbl                    0x0800c0c2   Data          28  ov2640.o(.constdata)
    ov2640_yuv422_reg_tbl                    0x0800c0de   Data          16  ov2640.o(.constdata)
    FSMC_DefaultTimingStruct                 0x0800c118   Data          28  stm32f4xx_fsmc.o(.constdata)
    Region$$Table$$Base                      0x0800c524   Number         0  anon$$obj.o(Region$$Table)
    Region$$Table$$Limit                     0x0800c544   Number         0  anon$$obj.o(Region$$Table)
    ov2640_mode                              0x20000000   Data           1  main.o(.data)
    jpeg_data_len                            0x20000004   Data           4  main.o(.data)
    jpeg_data_ok                             0x20000008   Data           1  main.o(.data)
    EFFECTS_TBL                              0x2000000c   Data          28  main.o(.data)
    JPEG_SIZE_TBL                            0x20000028   Data          36  main.o(.data)
    SystemCoreClock                          0x2000004c   Data           4  system_stm32f4xx.o(.data)
    AHBPrescTable                            0x20000050   Data          16  system_stm32f4xx.o(.data)
    POINT_COLOR                              0x20000060   Data           2  lcd.o(.data)
    BACK_COLOR                               0x20000062   Data           2  lcd.o(.data)
    ov_frame                                 0x20000065   Data           1  dcmi.o(.data)
    __stdout                                 0x2000006c   Data           4  usart.o(.data)
    USART_RX_STA                             0x20000070   Data           2  usart.o(.data)
    sys_cmd_tab                              0x20000084   Data          28  usmart.o(.data)
    usmart_nametab                           0x200000a0   Data         168  usmart_config.o(.data)
    usmart_dev                               0x20000148   Data         244  usmart_config.o(.data)
    jpeg_buf                                 0x2000023c   Data       126976  main.o(.bss)
    lcddev                                   0x2001f23c   Data          14  lcd.o(.bss)
    DCMI_InitStructure                       0x2001f24a   Data          14  dcmi.o(.bss)
    USART_RX_BUF                             0x2001f258   Data         200  usart.o(.bss)
    __libspace_start                         0x2001f320   Data          96  libspace.o(.bss)
    __temporary_stack_top$libspace           0x2001f380   Data           0  libspace.o(.bss)



==============================================================================

Memory Map of the image

  Image Entry point : 0x08000189

  Load Region LR_IROM1 (Base: 0x08000000, Size: 0x0000c780, Max: 0x00100000, ABSOLUTE, COMPRESSED[0x0000c640])

    Execution Region ER_IROM1 (Base: 0x08000000, Size: 0x0000c544, Max: 0x00100000, ABSOLUTE)

    Base Addr    Size         Type   Attr      Idx    E Section Name        Object

    0x08000000   0x00000188   Data   RO          521    RESET               startup_stm32f40_41xxx.o
    0x08000188   0x00000008   Code   RO          845  * !!!main             c_w.l(__main.o)
    0x08000190   0x00000034   Code   RO         1036    !!!scatter          c_w.l(__scatter.o)
    0x080001c4   0x0000005a   Code   RO         1034    !!dczerorl2         c_w.l(__dczerorl2.o)
    0x0800021e   0x00000002   PAD
    0x08000220   0x0000001c   Code   RO         1038    !!handler_zi        c_w.l(__scatter_zi.o)
    0x0800023c   0x00000000   Code   RO          842    .ARM.Collect$$_printf_percent$$00000000  c_w.l(_printf_percent.o)
    0x0800023c   0x00000006   Code   RO          840    .ARM.Collect$$_printf_percent$$00000009  c_w.l(_printf_d.o)
    0x08000242   0x00000006   Code   RO          841    .ARM.Collect$$_printf_percent$$0000000A  c_w.l(_printf_u.o)
    0x08000248   0x00000006   Code   RO          839    .ARM.Collect$$_printf_percent$$0000000C  c_w.l(_printf_x.o)
    0x0800024e   0x00000006   Code   RO          837    .ARM.Collect$$_printf_percent$$00000013  c_w.l(_printf_c.o)
    0x08000254   0x00000006   Code   RO          838    .ARM.Collect$$_printf_percent$$00000014  c_w.l(_printf_s.o)
    0x0800025a   0x00000004   Code   RO          872    .ARM.Collect$$_printf_percent$$00000017  c_w.l(_printf_percent_end.o)
    0x0800025e   0x00000002   Code   RO          908    .ARM.Collect$$libinit$$00000000  c_w.l(libinit.o)
    0x08000260   0x00000004   Code   RO          914    .ARM.Collect$$libinit$$00000001  c_w.l(libinit2.o)
    0x08000264   0x00000000   Code   RO          917    .ARM.Collect$$libinit$$00000004  c_w.l(libinit2.o)
    0x08000264   0x00000000   Code   RO          920    .ARM.Collect$$libinit$$0000000A  c_w.l(libinit2.o)
    0x08000264   0x00000000   Code   RO          922    .ARM.Collect$$libinit$$0000000C  c_w.l(libinit2.o)
    0x08000264   0x00000000   Code   RO          924    .ARM.Collect$$libinit$$0000000E  c_w.l(libinit2.o)
    0x08000264   0x00000000   Code   RO          927    .ARM.Collect$$libinit$$00000011  c_w.l(libinit2.o)
    0x08000264   0x00000000   Code   RO          929    .ARM.Collect$$libinit$$00000013  c_w.l(libinit2.o)
    0x08000264   0x00000000   Code   RO          931    .ARM.Collect$$libinit$$00000015  c_w.l(libinit2.o)
    0x08000264   0x00000000   Code   RO          933    .ARM.Collect$$libinit$$00000017  c_w.l(libinit2.o)
    0x08000264   0x00000000   Code   RO          935    .ARM.Collect$$libinit$$00000019  c_w.l(libinit2.o)
    0x08000264   0x00000000   Code   RO          937    .ARM.Collect$$libinit$$0000001B  c_w.l(libinit2.o)
    0x08000264   0x00000000   Code   RO          939    .ARM.Collect$$libinit$$0000001D  c_w.l(libinit2.o)
    0x08000264   0x00000000   Code   RO          941    .ARM.Collect$$libinit$$0000001F  c_w.l(libinit2.o)
    0x08000264   0x00000000   Code   RO          943    .ARM.Collect$$libinit$$00000021  c_w.l(libinit2.o)
    0x08000264   0x00000000   Code   RO          945    .ARM.Collect$$libinit$$00000023  c_w.l(libinit2.o)
    0x08000264   0x00000000   Code   RO          947    .ARM.Collect$$libinit$$00000025  c_w.l(libinit2.o)
    0x08000264   0x00000000   Code   RO          951    .ARM.Collect$$libinit$$0000002C  c_w.l(libinit2.o)
    0x08000264   0x00000000   Code   RO          953    .ARM.Collect$$libinit$$0000002E  c_w.l(libinit2.o)
    0x08000264   0x00000000   Code   RO          955    .ARM.Collect$$libinit$$00000030  c_w.l(libinit2.o)
    0x08000264   0x00000000   Code   RO          957    .ARM.Collect$$libinit$$00000032  c_w.l(libinit2.o)
    0x08000264   0x00000002   Code   RO          958    .ARM.Collect$$libinit$$00000033  c_w.l(libinit2.o)
    0x08000266   0x00000002   Code   RO          976    .ARM.Collect$$libshutdown$$00000000  c_w.l(libshutdown.o)
    0x08000268   0x00000000   Code   RO          986    .ARM.Collect$$libshutdown$$00000002  c_w.l(libshutdown2.o)
    0x08000268   0x00000000   Code   RO          988    .ARM.Collect$$libshutdown$$00000004  c_w.l(libshutdown2.o)
    0x08000268   0x00000000   Code   RO          991    .ARM.Collect$$libshutdown$$00000007  c_w.l(libshutdown2.o)
    0x08000268   0x00000000   Code   RO          994    .ARM.Collect$$libshutdown$$0000000A  c_w.l(libshutdown2.o)
    0x08000268   0x00000000   Code   RO          996    .ARM.Collect$$libshutdown$$0000000C  c_w.l(libshutdown2.o)
    0x08000268   0x00000000   Code   RO          999    .ARM.Collect$$libshutdown$$0000000F  c_w.l(libshutdown2.o)
    0x08000268   0x00000002   Code   RO         1000    .ARM.Collect$$libshutdown$$00000010  c_w.l(libshutdown2.o)
    0x0800026a   0x00000000   Code   RO          861    .ARM.Collect$$rtentry$$00000000  c_w.l(__rtentry.o)
    0x0800026a   0x00000000   Code   RO          879    .ARM.Collect$$rtentry$$00000002  c_w.l(__rtentry2.o)
    0x0800026a   0x00000006   Code   RO          891    .ARM.Collect$$rtentry$$00000004  c_w.l(__rtentry4.o)
    0x08000270   0x00000000   Code   RO          881    .ARM.Collect$$rtentry$$00000009  c_w.l(__rtentry2.o)
    0x08000270   0x00000004   Code   RO          882    .ARM.Collect$$rtentry$$0000000A  c_w.l(__rtentry2.o)
    0x08000274   0x00000000   Code   RO          884    .ARM.Collect$$rtentry$$0000000C  c_w.l(__rtentry2.o)
    0x08000274   0x00000008   Code   RO          885    .ARM.Collect$$rtentry$$0000000D  c_w.l(__rtentry2.o)
    0x0800027c   0x00000002   Code   RO          912    .ARM.Collect$$rtexit$$00000000  c_w.l(rtexit.o)
    0x0800027e   0x00000000   Code   RO          960    .ARM.Collect$$rtexit$$00000002  c_w.l(rtexit2.o)
    0x0800027e   0x00000004   Code   RO          961    .ARM.Collect$$rtexit$$00000003  c_w.l(rtexit2.o)
    0x08000282   0x00000006   Code   RO          962    .ARM.Collect$$rtexit$$00000004  c_w.l(rtexit2.o)
    0x08000288   0x00000600   Code   RO            3    .text               main.o
    0x08000888   0x0000001a   Code   RO          185    .text               stm32f4xx_it.o
    0x080008a2   0x00000002   PAD
    0x080008a4   0x00000210   Code   RO          234    .text               system_stm32f4xx.o
    0x08000ab4   0x00004c80   Code   RO          280    .text               lcd.o
    0x08005734   0x00000104   Code   RO          318    .text               key.o
    0x08005838   0x00000310   Code   RO          339    .text               dcmi.o
    0x08005b48   0x000005e0   Code   RO          363    .text               ov2640.o
    0x08006128   0x00000274   Code   RO          389    .text               sccb.o
    0x0800639c   0x00000084   Code   RO          409    .text               usart2.o
    0x08006420   0x000000b8   Code   RO          429    .text               timer.o
    0x080064d8   0x00000104   Code   RO          450    .text               delay.o
    0x080065dc   0x00000148   Code   RO          490    .text               usart.o
    0x08006724   0x00000040   Code   RO          522    .text               startup_stm32f40_41xxx.o
    0x08006764   0x000000e0   Code   RO          528    .text               misc.o
    0x08006844   0x0000018c   Code   RO          548    .text               stm32f4xx_dcmi.o
    0x080069d0   0x00000294   Code   RO          568    .text               stm32f4xx_gpio.o
    0x08006c64   0x000005c8   Code   RO          588    .text               stm32f4xx_fsmc.o
    0x0800722c   0x000003a8   Code   RO          611    .text               stm32f4xx_dma.o
    0x080075d4   0x0000065c   Code   RO          631    .text               stm32f4xx_rcc.o
    0x08007c30   0x00000454   Code   RO          673    .text               stm32f4xx_usart.o
    0x08008084   0x00000ca2   Code   RO          693    .text               stm32f4xx_tim.o
    0x08008d26   0x00000002   PAD
    0x08008d28   0x00000c34   Code   RO          713    .text               usmart.o
    0x0800995c   0x00000528   Code   RO          758    .text               usmart_str.o
    0x08009e84   0x00000002   Code   RO          778    .text               c_w.l(use_no_semi_2.o)
    0x08009e86   0x00000002   PAD
    0x08009e88   0x00000018   Code   RO          784    .text               c_w.l(noretval__2printf.o)
    0x08009ea0   0x00000028   Code   RO          786    .text               c_w.l(noretval__2sprintf.o)
    0x08009ec8   0x0000004e   Code   RO          790    .text               c_w.l(_printf_pad.o)
    0x08009f16   0x00000052   Code   RO          792    .text               c_w.l(_printf_str.o)
    0x08009f68   0x00000078   Code   RO          794    .text               c_w.l(_printf_dec.o)
    0x08009fe0   0x00000058   Code   RO          799    .text               c_w.l(_printf_hex_int.o)
    0x0800a038   0x00000188   Code   RO          834    .text               c_w.l(__printf_flags_ss_wp.o)
    0x0800a1c0   0x00000006   Code   RO          843    .text               c_w.l(heapauxi.o)
    0x0800a1c6   0x00000002   Code   RO          859    .text               c_w.l(use_no_semi.o)
    0x0800a1c8   0x000000b2   Code   RO          862    .text               c_w.l(_printf_intcommon.o)
    0x0800a27a   0x00000002   PAD
    0x0800a27c   0x00000030   Code   RO          864    .text               c_w.l(_printf_char_common.o)
    0x0800a2ac   0x0000000a   Code   RO          866    .text               c_w.l(_sputc.o)
    0x0800a2b6   0x0000002c   Code   RO          868    .text               c_w.l(_printf_char.o)
    0x0800a2e2   0x00000002   PAD
    0x0800a2e4   0x00000024   Code   RO          870    .text               c_w.l(_printf_char_file.o)
    0x0800a308   0x00000008   Code   RO          895    .text               c_w.l(ferror.o)
    0x0800a310   0x0000004a   Code   RO          899    .text               c_w.l(sys_stackheap_outer.o)
    0x0800a35a   0x00000012   Code   RO          901    .text               c_w.l(exit.o)
    0x0800a36c   0x00000008   Code   RO          909    .text               c_w.l(libspace.o)
    0x0800a374   0x0000000e   Code   RO          827    i._is_digit         c_w.l(__printf_wp.o)
    0x0800a382   0x00000002   PAD
    0x0800a384   0x0000005a   Code   RO          847    x$fpl$dfixu         fz_wm.l(dfixu.o)
    0x0800a3de   0x00000026   Code   RO          851    x$fpl$dfltu         fz_wm.l(dflt_clz.o)
    0x0800a404   0x00000154   Code   RO          857    x$fpl$dmul          fz_wm.l(dmul.o)
    0x0800a558   0x0000009c   Code   RO          873    x$fpl$dnaninf       fz_wm.l(dnaninf.o)
    0x0800a5f4   0x0000000c   Code   RO          875    x$fpl$dretinf       fz_wm.l(dretinf.o)
    0x0800a600   0x0000000a   Code   RO          968    x$fpl$fpinit        fz_wm.l(fpinit.o)
    0x0800a60a   0x00000000   Code   RO          877    x$fpl$usenofp       fz_wm.l(usenofp.o)
    0x0800a60a   0x00000024   Data   RO            5    .constdata          main.o
    0x0800a62e   0x000017c0   Data   RO          282    .constdata          lcd.o
    0x0800bdee   0x00000328   Data   RO          364    .constdata          ov2640.o
    0x0800c116   0x00000002   PAD
    0x0800c118   0x0000001c   Data   RO          589    .constdata          stm32f4xx_fsmc.o
    0x0800c134   0x00000028   Data   RO          800    .constdata          c_w.l(_printf_hex_int.o)
    0x0800c15c   0x00000011   Data   RO          835    .constdata          c_w.l(__printf_flags_ss_wp.o)
    0x0800c16d   0x00000003   PAD
    0x0800c170   0x00000077   Data   RO            6    .conststring        main.o
    0x0800c1e7   0x00000001   PAD
    0x0800c1e8   0x00000028   Data   RO          714    .conststring        usmart.o
    0x0800c210   0x00000311   Data   RO          737    .conststring        usmart_config.o
    0x0800c521   0x00000003   PAD
    0x0800c524   0x00000020   Data   RO         1032    Region$$Table       anon$$obj.o


    Execution Region RW_IRAM1 (Base: 0x20000000, Size: 0x0001f980, Max: 0x00020000, ABSOLUTE, COMPRESSED[0x000000fc])

    Base Addr    Size         Type   Attr      Idx    E Section Name        Object

    0x20000000   0x0000004c   Data   RW            7    .data               main.o
    0x2000004c   0x00000014   Data   RW          235    .data               system_stm32f4xx.o
    0x20000060   0x00000004   Data   RW          283    .data               lcd.o
    0x20000064   0x00000001   Data   RW          319    .data               key.o
    0x20000065   0x00000001   Data   RW          341    .data               dcmi.o
    0x20000066   0x00000004   Data   RW          451    .data               delay.o
    0x2000006a   0x00000002   PAD
    0x2000006c   0x00000006   Data   RW          492    .data               usart.o
    0x20000072   0x00000010   Data   RW          632    .data               stm32f4xx_rcc.o
    0x20000082   0x00000002   PAD
    0x20000084   0x0000001c   Data   RW          715    .data               usmart.o
    0x200000a0   0x0000019c   Data   RW          738    .data               usmart_config.o
    0x2000023c   0x0001f000   Zero   RW            4    .bss                main.o
    0x2001f23c   0x0000000e   Zero   RW          281    .bss                lcd.o
    0x2001f24a   0x0000000e   Zero   RW          340    .bss                dcmi.o
    0x2001f258   0x000000c8   Zero   RW          491    .bss                usart.o
    0x2001f320   0x00000060   Zero   RW          910    .bss                c_w.l(libspace.o)
    0x2001f380   0x00000200   Zero   RW          520    HEAP                startup_stm32f40_41xxx.o
    0x2001f580   0x00000400   Zero   RW          519    STACK               startup_stm32f40_41xxx.o


==============================================================================

Image component sizes


      Code (inc. data)   RO Data    RW Data    ZI Data      Debug   Object Name

       784         50          0          1         14       2540   dcmi.o
       260          8          0          4          0       1477   delay.o
       260         12          0          1          0        876   key.o
     19584        174       6080          4         14      22862   lcd.o
      1536        334        155         76     126976     308745   main.o
       224         20          0          0          0       1813   misc.o
      1504         66        808          0          0       6101   ov2640.o
       628         12          0          0          0       2067   sccb.o
        64         26        392          0       1536        832   startup_stm32f40_41xxx.o
       396          4          0          0          0       3474   stm32f4xx_dcmi.o
       936         32          0          0          0       6389   stm32f4xx_dma.o
      1480         18         28          0          0       5642   stm32f4xx_fsmc.o
       660         44          0          0          0       4153   stm32f4xx_gpio.o
        26          0          0          0          0       1218   stm32f4xx_it.o
      1628         52          0         16          0      13028   stm32f4xx_rcc.o
      3234         60          0          0          0      23008   stm32f4xx_tim.o
      1108         34          0          0          0       7876   stm32f4xx_usart.o
       528         46          0         20          0       1771   system_stm32f4xx.o
       184         46          0          0          0        828   timer.o
       328         16          0          6        200       3294   usart.o
       132          8          0          0          0        738   usart2.o
      3124       1286         40         28          0       4414   usmart.o
         0          0        785        412          0       1536   usmart_config.o
      1320         12          0          0          0       5337   usmart_str.o

    ----------------------------------------------------------------------
     39932       2360       8326        572     128740     430019   Object Totals
         0          0         32          0          0          0   (incl. Generated)
         4          0          6          4          0          0   (incl. Padding)

    ----------------------------------------------------------------------

      Code (inc. data)   RO Data    RW Data    ZI Data      Debug   Library Member Name

        90          0          0          0          0          0   __dczerorl2.o
         8          0          0          0          0         68   __main.o
       392          4         17          0          0         92   __printf_flags_ss_wp.o
        14          0          0          0          0         68   __printf_wp.o
         0          0          0          0          0          0   __rtentry.o
        12          0          0          0          0          0   __rtentry2.o
         6          0          0          0          0          0   __rtentry4.o
        52          8          0          0          0          0   __scatter.o
        28          0          0          0          0          0   __scatter_zi.o
         6          0          0          0          0          0   _printf_c.o
        44          0          0          0          0        108   _printf_char.o
        48          6          0          0          0         96   _printf_char_common.o
        36          4          0          0          0         80   _printf_char_file.o
         6          0          0          0          0          0   _printf_d.o
       120         16          0          0          0         92   _printf_dec.o
        88          4         40          0          0         88   _printf_hex_int.o
       178          0          0          0          0         88   _printf_intcommon.o
        78          0          0          0          0        108   _printf_pad.o
         0          0          0          0          0          0   _printf_percent.o
         4          0          0          0          0          0   _printf_percent_end.o
         6          0          0          0          0          0   _printf_s.o
        82          0          0          0          0         80   _printf_str.o
         6          0          0          0          0          0   _printf_u.o
         6          0          0          0          0          0   _printf_x.o
        10          0          0          0          0         68   _sputc.o
        18          0          0          0          0         80   exit.o
         8          0          0          0          0         68   ferror.o
         6          0          0          0          0        152   heapauxi.o
         2          0          0          0          0          0   libinit.o
         6          0          0          0          0          0   libinit2.o
         2          0          0          0          0          0   libshutdown.o
         2          0          0          0          0          0   libshutdown2.o
         8          4          0          0         96         68   libspace.o
        24          4          0          0          0         84   noretval__2printf.o
        40          6          0          0          0         84   noretval__2sprintf.o
         2          0          0          0          0          0   rtexit.o
        10          0          0          0          0          0   rtexit2.o
        74          0          0          0          0         80   sys_stackheap_outer.o
         2          0          0          0          0         68   use_no_semi.o
         2          0          0          0          0         68   use_no_semi_2.o
        90          4          0          0          0        140   dfixu.o
        38          0          0          0          0        116   dflt_clz.o
       340         12          0          0          0        152   dmul.o
       156          4          0          0          0        140   dnaninf.o
        12          0          0          0          0        116   dretinf.o
        10          0          0          0          0        116   fpinit.o
         0          0          0          0          0          0   usenofp.o

    ----------------------------------------------------------------------
      2182         76         60          0         96       2568   Library Totals
        10          0          3          0          0          0   (incl. Padding)

    ----------------------------------------------------------------------

      Code (inc. data)   RO Data    RW Data    ZI Data      Debug   Library Name

      1526         56         57          0         96       1788   c_w.l
       646         20          0          0          0        780   fz_wm.l

    ----------------------------------------------------------------------
      2182         76         60          0         96       2568   Library Totals

    ----------------------------------------------------------------------

==============================================================================


      Code (inc. data)   RO Data    RW Data    ZI Data      Debug   

     42114       2436       8386        572     128836     426603   Grand Totals
     42114       2436       8386        252     128836     426603   ELF Image Totals (compressed)
     42114       2436       8386        252          0          0   ROM Totals

==============================================================================

    Total RO  Size (Code + RO Data)                50500 (  49.32kB)
    Total RW  Size (RW Data + ZI Data)            129408 ( 126.38kB)
    Total ROM Size (Code + RO Data + RW Data)      50752 (  49.56kB)

==============================================================================

