<html>
<body>
<pre>
<h1>礦ision Build Log</h1>
<h2>Tool Versions:</h2>
IDE-Version: μVision V5.21.1.0
Copyright (C) 2016 ARM Ltd and ARM Germany GmbH. All rights reserved.
License Information: MLX Microsoft, Microsoft, LIC=Z3CSB-2EKUZ-FZFWU-SYVWF-4SU4C-XIYJQ
 
Tool Versions:
Toolchain:       MDK-ARM Professional  Version: 5.21a
Toolchain Path:  C:\Keil_v5\ARM\ARMCC\Bin
C Compiler:      Armcc.exe V5.06 update 3 (build 300)
Assembler:       Armasm.exe V5.06 update 3 (build 300)
Linker/Locator:  ArmLink.exe V5.06 update 3 (build 300)
Library Manager: ArmAr.exe V5.06 update 3 (build 300)
Hex Converter:   FromElf.exe V5.06 update 3 (build 300)
CPU DLL:         SARMCM3.DLL V5.21a
Dialog DLL:      DCM.DLL V1.13.8.0
Target DLL:      Segger\JL2CM3.dll V2.99.23.0
Dialog DLL:      TCM.DLL V1.14.14.0
 
<h2>Project:</h2>
Q:\stm32F4\探索者F4 资料盘(A盘)\4，程序源码\2，标准例程-库函数版本\实验35 摄像头实验\USER\OV2640.uvprojx
Project File Date:  02/13/2017

<h2>Output:</h2>
*** Using Compiler 'V5.06 update 3 (build 300)', folder: 'C:\Keil_v5\ARM\ARMCC\Bin'
Build target 'OV2640'
compiling stm32f4xx_it.c...
compiling system_stm32f4xx.c...
compiling main.c...
main.c(167): warning:  #174-D: expression has no effect
  	DCMI_DMA_Init; 		//?舳???
main.c: 1 warning, 0 errors
compiling led.c...
compiling key.c...
compiling lcd.c...
compiling dcmi.c...
compiling ov2640.c...
compiling sccb.c...
compiling timer.c...
compiling usart2.c...
compiling delay.c...
assembling startup_stm32f40_41xxx.s...
compiling usart.c...
compiling sys.c...
compiling misc.c...
compiling stm32f4xx_dcmi.c...
compiling stm32f4xx_gpio.c...
compiling stm32f4xx_fsmc.c...
compiling stm32f4xx_dma.c...
compiling stm32f4xx_rcc.c...
compiling stm32f4xx_syscfg.c...
compiling stm32f4xx_usart.c...
compiling stm32f4xx_tim.c...
compiling usmart.c...
compiling usmart_config.c...
compiling usmart_str.c...
linking...
Program Size: Code=42486 RO-data=8386 RW-data=572 ZI-data=128836  
FromELF: creating hex file...
"..\OBJ\OV2640.axf" - 0 Error(s), 1 Warning(s).

<h2>Collection of Component include folders:</h2>
  Q:\stm32F4\探索者F4 资料盘(A盘)\4，程序源码\2，标准例程-库函数版本\实验35 摄像头实验\USER\RTE
  C:\Keil_v5\ARM\PACK\Keil\STM32F4xx_DFP\2.9.0\Drivers\CMSIS\Device\ST\STM32F4xx\Include

<h2>Collection of Component Files used:</h2>
Build Time Elapsed:  00:00:18
</pre>
</body>
</html>
